main.c:103:5:main	2144	static
main.c:261:6:SystemClock_Config	312	static
main.c:341:13:MX_ADC1_Init	48	static
main.c:405:13:MX_ADC2_Init	40	static
main.c:461:13:MX_ADC3_Init	40	static
main.c:517:13:MX_FDCAN1_Init	8	static
main.c:570:13:MX_I2C1_Init	8	static
main.c:616:13:MX_SPI1_Init	8	static
main.c:664:13:MX_SPI2_Init	8	static
main.c:712:13:MX_SPI3_Init	8	static
main.c:760:13:MX_TIM1_Init	112	static
main.c:848:13:MX_TIM2_Init	40	static
main.c:893:13:MX_TIM3_Init	40	static
main.c:938:13:MX_USART1_UART_Init	8	static
main.c:986:13:MX_GPIO_Init	56	static
main.c:1023:5:set_pmw	24	static
main.c:1030:5:mech_to_electric_angle	24	static
main.c:1048:6:Error_Handler	4	static
