Archive member included to satisfy reference by file (symbol)

c:/st/stm32cubeide_1.0.0/stm32cubeide/plugins/com.st.stm32cube.ide.mcu.externaltools.gnu-tools-for-stm32.7-2018-q2-update.win32_1.0.0.201904181610/tools/bin/../lib/gcc/arm-none-eabi/7.3.1/../../../../arm-none-eabi/lib/thumb/v7e-m/fpv5/hard\libc_nano.a(lib_a-exit.o)
                              c:/st/stm32cubeide_1.0.0/stm32cubeide/plugins/com.st.stm32cube.ide.mcu.externaltools.gnu-tools-for-stm32.7-2018-q2-update.win32_1.0.0.201904181610/tools/bin/../lib/gcc/arm-none-eabi/7.3.1/../../../../arm-none-eabi/lib/thumb/v7e-m/fpv5/hard/crt0.o (exit)
c:/st/stm32cubeide_1.0.0/stm32cubeide/plugins/com.st.stm32cube.ide.mcu.externaltools.gnu-tools-for-stm32.7-2018-q2-update.win32_1.0.0.201904181610/tools/bin/../lib/gcc/arm-none-eabi/7.3.1/../../../../arm-none-eabi/lib/thumb/v7e-m/fpv5/hard\libc_nano.a(lib_a-impure.o)
                              c:/st/stm32cubeide_1.0.0/stm32cubeide/plugins/com.st.stm32cube.ide.mcu.externaltools.gnu-tools-for-stm32.7-2018-q2-update.win32_1.0.0.201904181610/tools/bin/../lib/gcc/arm-none-eabi/7.3.1/../../../../arm-none-eabi/lib/thumb/v7e-m/fpv5/hard\libc_nano.a(lib_a-exit.o) (_global_impure_ptr)
c:/st/stm32cubeide_1.0.0/stm32cubeide/plugins/com.st.stm32cube.ide.mcu.externaltools.gnu-tools-for-stm32.7-2018-q2-update.win32_1.0.0.201904181610/tools/bin/../lib/gcc/arm-none-eabi/7.3.1/../../../../arm-none-eabi/lib/thumb/v7e-m/fpv5/hard\libc_nano.a(lib_a-init.o)
                              c:/st/stm32cubeide_1.0.0/stm32cubeide/plugins/com.st.stm32cube.ide.mcu.externaltools.gnu-tools-for-stm32.7-2018-q2-update.win32_1.0.0.201904181610/tools/bin/../lib/gcc/arm-none-eabi/7.3.1/../../../../arm-none-eabi/lib/thumb/v7e-m/fpv5/hard/crt0.o (__libc_init_array)
c:/st/stm32cubeide_1.0.0/stm32cubeide/plugins/com.st.stm32cube.ide.mcu.externaltools.gnu-tools-for-stm32.7-2018-q2-update.win32_1.0.0.201904181610/tools/bin/../lib/gcc/arm-none-eabi/7.3.1/../../../../arm-none-eabi/lib/thumb/v7e-m/fpv5/hard\libc_nano.a(lib_a-memcpy-stub.o)
                              Drivers/STM32H7xx_HAL_Driver/Src/stm32h7xx_hal_fdcan.o (memcpy)
c:/st/stm32cubeide_1.0.0/stm32cubeide/plugins/com.st.stm32cube.ide.mcu.externaltools.gnu-tools-for-stm32.7-2018-q2-update.win32_1.0.0.201904181610/tools/bin/../lib/gcc/arm-none-eabi/7.3.1/../../../../arm-none-eabi/lib/thumb/v7e-m/fpv5/hard\libc_nano.a(lib_a-memset.o)
                              c:/st/stm32cubeide_1.0.0/stm32cubeide/plugins/com.st.stm32cube.ide.mcu.externaltools.gnu-tools-for-stm32.7-2018-q2-update.win32_1.0.0.201904181610/tools/bin/../lib/gcc/arm-none-eabi/7.3.1/../../../../arm-none-eabi/lib/thumb/v7e-m/fpv5/hard/crt0.o (memset)
c:/st/stm32cubeide_1.0.0/stm32cubeide/plugins/com.st.stm32cube.ide.mcu.externaltools.gnu-tools-for-stm32.7-2018-q2-update.win32_1.0.0.201904181610/tools/bin/../lib/gcc/arm-none-eabi/7.3.1/thumb/v7e-m/fpv5/hard\libgcc.a(_aeabi_uldivmod.o)
                              Drivers/STM32H7xx_HAL_Driver/Src/stm32h7xx_hal_uart.o (__aeabi_uldivmod)
c:/st/stm32cubeide_1.0.0/stm32cubeide/plugins/com.st.stm32cube.ide.mcu.externaltools.gnu-tools-for-stm32.7-2018-q2-update.win32_1.0.0.201904181610/tools/bin/../lib/gcc/arm-none-eabi/7.3.1/thumb/v7e-m/fpv5/hard\libgcc.a(_udivmoddi4.o)
                              c:/st/stm32cubeide_1.0.0/stm32cubeide/plugins/com.st.stm32cube.ide.mcu.externaltools.gnu-tools-for-stm32.7-2018-q2-update.win32_1.0.0.201904181610/tools/bin/../lib/gcc/arm-none-eabi/7.3.1/thumb/v7e-m/fpv5/hard\libgcc.a(_aeabi_uldivmod.o) (__udivmoddi4)
c:/st/stm32cubeide_1.0.0/stm32cubeide/plugins/com.st.stm32cube.ide.mcu.externaltools.gnu-tools-for-stm32.7-2018-q2-update.win32_1.0.0.201904181610/tools/bin/../lib/gcc/arm-none-eabi/7.3.1/thumb/v7e-m/fpv5/hard\libgcc.a(_dvmd_tls.o)
                              c:/st/stm32cubeide_1.0.0/stm32cubeide/plugins/com.st.stm32cube.ide.mcu.externaltools.gnu-tools-for-stm32.7-2018-q2-update.win32_1.0.0.201904181610/tools/bin/../lib/gcc/arm-none-eabi/7.3.1/thumb/v7e-m/fpv5/hard\libgcc.a(_aeabi_uldivmod.o) (__aeabi_ldiv0)
c:/st/stm32cubeide_1.0.0/stm32cubeide/plugins/com.st.stm32cube.ide.mcu.externaltools.gnu-tools-for-stm32.7-2018-q2-update.win32_1.0.0.201904181610/tools/bin/../lib/gcc/arm-none-eabi/7.3.1/../../../../arm-none-eabi/lib/thumb/v7e-m/fpv5/hard\libnosys.a(_exit.o)
                              c:/st/stm32cubeide_1.0.0/stm32cubeide/plugins/com.st.stm32cube.ide.mcu.externaltools.gnu-tools-for-stm32.7-2018-q2-update.win32_1.0.0.201904181610/tools/bin/../lib/gcc/arm-none-eabi/7.3.1/../../../../arm-none-eabi/lib/thumb/v7e-m/fpv5/hard\libc_nano.a(lib_a-exit.o) (_exit)

Allocating common symbols
Common symbol       size              file

hspi2               0x88              Core/Src/main.o
hadc2               0x64              Core/Src/main.o
hi2c1               0x4c              Core/Src/main.o
uwTick              0x4               Drivers/STM32H7xx_HAL_Driver/Src/stm32h7xx_hal.o
[...]
Memory Configuration

Name             Origin             Length             Attributes
DTCMRAM          0x0000000020000000 0x0000000000020000 xrw
ITCMRAM          0x0000000000000000 0x0000000000010000 xrw
RAM_D1           0x0000000024000000 0x0000000000080000 xrw
RAM_D2           0x0000000030000000 0x0000000000048000 xrw
RAM_D3           0x0000000038000000 0x0000000000010000 xrw
FLASH            0x0000000008000000 0x0000000000200000 xr
*default*        0x0000000000000000 0xffffffffffffffff

Linker script and memory map

LOAD c:/st/stm32cubeide_1.0.0/stm32cubeide/plugins/com.st.stm32cube.ide.mcu.externaltools.gnu-tools-for-stm32.7-2018-q2-update.win32_1.0.0.201904181610/tools/bin/../lib/gcc/arm-none-eabi/7.3.1/thumb/v7e-m/fpv5/hard/crti.o
LOAD c:/st/stm32cubeide_1.0.0/stm32cubeide/plugins/com.st.stm32cube.ide.mcu.externaltools.gnu-tools-for-stm32.7-2018-q2-update.win32_1.0.0.201904181610/tools/bin/../lib/gcc/arm-none-eabi/7.3.1/thumb/v7e-m/fpv5/hard/crtbegin.o
LOAD c:/st/stm32cubeide_1.0.0/stm32cubeide/plugins/com.st.stm32cube.ide.mcu.externaltools.gnu-tools-for-stm32.7-2018-q2-update.win32_1.0.0.201904181610/tools/bin/../lib/gcc/arm-none-eabi/7.3.1/../../../../arm-none-eabi/lib/thumb/v7e-m/fpv5/hard/crt0.o
LOAD Core/Src/FOC.o
LOAD Core/Src/PI_Loop.o
LOAD Core/Src/main.o
LOAD Core/Src/stm32h7xx_hal_msp.o
LOAD Core/Src/stm32h7xx_it.o
LOAD Core/Src/system_stm32h7xx.o
LOAD Core/Startup/startup_stm32h753vitx.o
LOAD Drivers/STM32H7xx_HAL_Driver/Src/stm32h7xx_hal.o
LOAD Drivers/STM32H7xx_HAL_Driver/Src/stm32h7xx_hal_adc.o
LOAD Drivers/STM32H7xx_HAL_Driver/Src/stm32h7xx_hal_adc_ex.o
LOAD Drivers/STM32H7xx_HAL_Driver/Src/stm32h7xx_hal_cortex.o
LOAD Drivers/STM32H7xx_HAL_Driver/Src/stm32h7xx_hal_dma.o
LOAD Drivers/STM32H7xx_HAL_Driver/Src/stm32h7xx_hal_dma_ex.o
LOAD Drivers/STM32H7xx_HAL_Driver/Src/stm32h7xx_hal_exti.o
LOAD Drivers/STM32H7xx_HAL_Driver/Src/stm32h7xx_hal_fdcan.o
LOAD Drivers/STM32H7xx_HAL_Driver/Src/stm32h7xx_hal_flash.o
LOAD Drivers/STM32H7xx_HAL_Driver/Src/stm32h7xx_hal_flash_ex.o
LOAD Drivers/STM32H7xx_HAL_Driver/Src/stm32h7xx_hal_gpio.o
LOAD Drivers/STM32H7xx_HAL_Driver/Src/stm32h7xx_hal_hsem.o
LOAD Drivers/STM32H7xx_HAL_Driver/Src/stm32h7xx_hal_i2c.o
LOAD Drivers/STM32H7xx_HAL_Driver/Src/stm32h7xx_hal_i2c_ex.o
LOAD Drivers/STM32H7xx_HAL_Driver/Src/stm32h7xx_hal_mdma.o
LOAD Drivers/STM32H7xx_HAL_Driver/Src/stm32h7xx_hal_pwr.o
LOAD Drivers/STM32H7xx_HAL_Driver/Src/stm32h7xx_hal_pwr_ex.o
LOAD Drivers/STM32H7xx_HAL_Driver/Src/stm32h7xx_hal_rcc.o
LOAD Drivers/STM32H7xx_HAL_Driver/Src/stm32h7xx_hal_rcc_ex.o
LOAD Drivers/STM32H7xx_HAL_Driver/Src/stm32h7xx_hal_spi.o
LOAD Drivers/STM32H7xx_HAL_Driver/Src/stm32h7xx_hal_spi_ex.o
LOAD Drivers/STM32H7xx_HAL_Driver/Src/stm32h7xx_hal_tim.o
LOAD Drivers/STM32H7xx_HAL_Driver/Src/stm32h7xx_hal_tim_ex.o
LOAD Drivers/STM32H7xx_HAL_Driver/Src/stm32h7xx_hal_uart.o
LOAD Drivers/STM32H7xx_HAL_Driver/Src/stm32h7xx_hal_uart_ex.o
START GROUP
LOAD c:/st/stm32cubeide_1.0.0/stm32cubeide/plugins/com.st.stm32cube.ide.mcu.externaltools.gnu-tools-for-stm32.7-2018-q2-update.win32_1.0.0.201904181610/tools/bin/../lib/gcc/arm-none-eabi/7.3.1/../../../../arm-none-eabi/lib/thumb/v7e-m/fpv5/hard\libstdc++_nano.a
LOAD c:/st/stm32cubeide_1.0.0/stm32cubeide/plugins/com.st.stm32cube.ide.mcu.externaltools.gnu-tools-for-stm32.7-2018-q2-update.win32_1.0.0.201904181610/tools/bin/../lib/gcc/arm-none-eabi/7.3.1/../../../../arm-none-eabi/lib/thumb/v7e-m/fpv5/hard\libsupc++_nano.a
END GROUP
LOAD c:/st/stm32cubeide_1.0.0/stm32cubeide/plugins/com.st.stm32cube.ide.mcu.externaltools.gnu-tools-for-stm32.7-2018-q2-update.win32_1.0.0.201904181610/tools/bin/../lib/gcc/arm-none-eabi/7.3.1/../../../../arm-none-eabi/lib/thumb/v7e-m/fpv5/hard\libstdc++_nano.a
LOAD c:/st/stm32cubeide_1.0.0/stm32cubeide/plugins/com.st.stm32cube.ide.mcu.externaltools.gnu-tools-for-stm32.7-2018-q2-update.win32_1.0.0.201904181610/tools/bin/../lib/gcc/arm-none-eabi/7.3.1/../../../../arm-none-eabi/lib/thumb/v7e-m/fpv5/hard\libm.a
LOAD c:/st/stm32cubeide_1.0.0/stm32cubeide/plugins/com.st.stm32cube.ide.mcu.externaltools.gnu-tools-for-stm32.7-2018-q2-update.win32_1.0.0.201904181610/tools/bin/../lib/gcc/arm-none-eabi/7.3.1/../../../../arm-none-eabi/lib/thumb/v7e-m/fpv5/hard\libc_nano.a
START GROUP
LOAD c:/st/stm32cubeide_1.0.0/stm32cubeide/plugins/com.st.stm32cube.ide.mcu.externaltools.gnu-tools-for-stm32.7-2018-q2-update.win32_1.0.0.201904181610/tools/bin/../lib/gcc/arm-none-eabi/7.3.1/thumb/v7e-m/fpv5/hard\libgcc.a
LOAD c:/st/stm32cubeide_1.0.0/stm32cubeide/plugins/com.st.stm32cube.ide.mcu.externaltools.gnu-tools-for-stm32.7-2018-q2-update.win32_1.0.0.201904181610/tools/bin/../lib/gcc/arm-none-eabi/7.3.1/../../../../arm-none-eabi/lib/thumb/v7e-m/fpv5/hard\libc_nano.a
END GROUP
START GROUP
LOAD c:/st/stm32cubeide_1.0.0/stm32cubeide/plugins/com.st.stm32cube.ide.mcu.externaltools.gnu-tools-for-stm32.7-2018-q2-update.win32_1.0.0.201904181610/tools/bin/../lib/gcc/arm-none-eabi/7.3.1/thumb/v7e-m/fpv5/hard\libgcc.a
LOAD c:/st/stm32cubeide_1.0.0/stm32cubeide/plugins/com.st.stm32cube.ide.mcu.externaltools.gnu-tools-for-stm32.7-2018-q2-update.win32_1.0.0.201904181610/tools/bin/../lib/gcc/arm-none-eabi/7.3.1/../../../../arm-none-eabi/lib/thumb/v7e-m/fpv5/hard\libc_nano.a
LOAD c:/st/stm32cubeide_1.0.0/stm32cubeide/plugins/com.st.stm32cube.ide.mcu.externaltools.gnu-tools-for-stm32.7-2018-q2-update.win32_1.0.0.201904181610/tools/bin/../lib/gcc/arm-none-eabi/7.3.1/../../../../arm-none-eabi/lib/thumb/v7e-m/fpv5/hard\libnosys.a
END GROUP
START GROUP
LOAD c:/st/stm32cubeide_1.0.0/stm32cubeide/plugins/com.st.stm32cube.ide.mcu.externaltools.gnu-tools-for-stm32.7-2018-q2-update.win32_1.0.0.201904181610/tools/bin/../lib/gcc/arm-none-eabi/7.3.1/thumb/v7e-m/fpv5/hard\libgcc.a
LOAD c:/st/stm32cubeide_1.0.0/stm32cubeide/plugins/com.st.stm32cube.ide.mcu.externaltools.gnu-tools-for-stm32.7-2018-q2-update.win32_1.0.0.201904181610/tools/bin/../lib/gcc/arm-none-eabi/7.3.1/../../../../arm-none-eabi/lib/thumb/v7e-m/fpv5/hard\libc_nano.a
LOAD c:/st/stm32cubeide_1.0.0/stm32cubeide/plugins/com.st.stm32cube.ide.mcu.externaltools.gnu-tools-for-stm32.7-2018-q2-update.win32_1.0.0.201904181610/tools/bin/../lib/gcc/arm-none-eabi/7.3.1/../../../../arm-none-eabi/lib/thumb/v7e-m/fpv5/hard\libnosys.a
END GROUP
LOAD c:/st/stm32cubeide_1.0.0/stm32cubeide/plugins/com.st.stm32cube.ide.mcu.externaltools.gnu-tools-for-stm32.7-2018-q2-update.win32_1.0.0.201904181610/tools/bin/../lib/gcc/arm-none-eabi/7.3.1/thumb/v7e-m/fpv5/hard/crtend.o
LOAD c:/st/stm32cubeide_1.0.0/stm32cubeide/plugins/com.st.stm32cube.ide.mcu.externaltools.gnu-tools-for-stm32.7-2018-q2-update.win32_1.0.0.201904181610/tools/bin/../lib/gcc/arm-none-eabi/7.3.1/thumb/v7e-m/fpv5/hard/crtn.o
                0x0000000024080000                _estack = (ORIGIN (RAM_D1) + LENGTH (RAM_D1))
                0x0000000000000200                _Min_Heap_Size = 0x200
                0x0000000000000400                _Min_Stack_Size = 0x400

.isr_vector     0x0000000008000000      0x298
                0x0000000008000000                . = ALIGN (0x4)
 *(.isr_vector)
 .isr_vector    0x0000000008000000      0x298 Core/Startup/startup_stm32h753vitx.o
                0x0000000008000000                g_pfnVectors
                0x0000000008000298                . = ALIGN (0x4)

.text           0x0000000008000298     0xbe4c
                0x0000000008000298                . = ALIGN (0x4)
 *(.text)
 .text          0x0000000008000298       0x40 c:/st/stm32cubeide_1.0.0/stm32cubeide/plugins/com.st.stm32cube.ide.mcu.externaltools.gnu-tools-for-stm32.7-2018-q2-update.win32_1.0.0.201904181610/tools/bin/../lib/gcc/arm-none-eabi/7.3.1/thumb/v7e-m/fpv5/hard/crtbegin.o
 .text          0x00000000080002d8       0x30 c:/st/stm32cubeide_1.0.0/stm32cubeide/plugins/com.st.stm32cube.ide.mcu.externaltools.gnu-tools-for-stm32.7-2018-q2-update.win32_1.0.0.201904181610/tools/bin/../lib/gcc/arm-none-eabi/7.3.1/thumb/v7e-m/fpv5/hard\libgcc.a(_aeabi_uldivmod.o)
                0x00000000080002d8                __aeabi_uldivmod
 .text          0x0000000008000308      0x2cc c:/st/stm32cubeide_1.0.0/stm32cubeide/plugins/com.st.stm32cube.ide.mcu.externaltools.gnu-tools-for-stm32.7-2018-q2-update.win32_1.0.0.201904181610/tools/bin/../lib/gcc/arm-none-eabi/7.3.1/thumb/v7e-m/fpv5/hard\libgcc.a(_udivmoddi4.o)
                0x0000000008000308                __udivmoddi4
 .text          0x00000000080005d4        0x4 c:/st/stm32cubeide_1.0.0/stm32cubeide/plugins/com.st.stm32cube.ide.mcu.externaltools.gnu-tools-for-stm32.7-2018-q2-update.win32_1.0.0.201904181610/tools/bin/../lib/gcc/arm-none-eabi/7.3.1/thumb/v7e-m/fpv5/hard\libgcc.a(_dvmd_tls.o)
                0x00000000080005d4                __aeabi_idiv0
                0x00000000080005d4                __aeabi_ldiv0
 *(.text*)
 .text.parkclark
                0x00000000080005d8      0x124 Core/Src/FOC.o
                0x00000000080005d8                parkclark
 .text.inv_parkclark
                0x00000000080006fc      0x110 Core/Src/FOC.o
                0x00000000080006fc                inv_parkclark
 .text.sin_lut  0x000000000800080c       0x44 Core/Src/FOC.o
                0x000000000800080c                sin_lut
 .text.cos_lut  0x0000000008000850       0x48 Core/Src/FOC.o
                0x0000000008000850                cos_lut
 .text.update_foc_pi
                0x0000000008000898      0x168 Core/Src/PI_Loop.o
                0x0000000008000898                update_foc_pi
 .text.update_speed_pi
                0x0000000008000a00      0x138 Core/Src/PI_Loop.o
                0x0000000008000a00                update_speed_pi
 .text.main     0x0000000008000b38      0x580 Core/Src/main.o
                0x0000000008000b38                main
 .text.SystemClock_Config
                0x00000000080010b8      0x1dc Core/Src/main.o
                0x00000000080010b8                SystemClock_Config
 .text.MX_ADC1_Init
                0x0000000008001294       0xf0 Core/Src/main.o
 .text.MX_ADC2_Init
                0x0000000008001384       0xc8 Core/Src/main.o
 .text.MX_ADC3_Init
                0x000000000800144c       0xc8 Core/Src/main.o
 .text.MX_FDCAN1_Init
                0x0000000008001514       0xc8 Core/Src/main.o
 .text.MX_I2C1_Init
                0x00000000080015dc       0x80 Core/Src/main.o
 .text.MX_SPI1_Init
                0x000000000800165c       0xac Core/Src/main.o
 .text.MX_SPI2_Init
                0x0000000008001708       0xac Core/Src/main.o
 .text.MX_SPI3_Init
                0x00000000080017b4       0xac Core/Src/main.o
 .text.MX_TIM1_Init
                0x0000000008001860      0x188 Core/Src/main.o
 .text.MX_TIM2_Init
                0x00000000080019e8       0x9c Core/Src/main.o
 .text.MX_TIM3_Init
                0x0000000008001a84       0x9c Core/Src/main.o
 .text.MX_USART1_UART_Init
                0x0000000008001b20       0x98 Core/Src/main.o
 .text.MX_GPIO_Init
                0x0000000008001bb8      0x13c Core/Src/main.o
 .text.set_pmw  0x0000000008001cf4       0x38 Core/Src/main.o
                0x0000000008001cf4                set_pmw
 .text.mech_to_electric_angle
                0x0000000008001d2c       0x3c Core/Src/main.o
                0x0000000008001d2c                mech_to_electric_angle
 .text.Error_Handler
                0x0000000008001d68        0xe Core/Src/main.o
                0x0000000008001d68                Error_Handler
 *fill*         0x0000000008001d76        0x2 
 .text.HAL_MspInit
                0x0000000008001d78       0x34 Core/Src/stm32h7xx_hal_msp.o
                0x0000000008001d78                HAL_MspInit
 .text.HAL_ADC_MspInit
                0x0000000008001dac      0x180 Core/Src/stm32h7xx_hal_msp.o
                0x0000000008001dac                HAL_ADC_MspInit
 .text.HAL_FDCAN_MspInit
                0x0000000008001f2c       0x94 Core/Src/stm32h7xx_hal_msp.o
                0x0000000008001f2c                HAL_FDCAN_MspInit
 .text.HAL_I2C_MspInit
                0x0000000008001fc0       0x94 Core/Src/stm32h7xx_hal_msp.o
                0x0000000008001fc0                HAL_I2C_MspInit
 .text.HAL_SPI_MspInit
                0x0000000008002054      0x208 Core/Src/stm32h7xx_hal_msp.o
                0x0000000008002054                HAL_SPI_MspInit
 .text.HAL_TIM_Base_MspInit
                0x000000000800225c       0xb8 Core/Src/stm32h7xx_hal_msp.o
                0x000000000800225c                HAL_TIM_Base_MspInit
 .text.HAL_TIM_MspPostInit
                0x0000000008002314       0x78 Core/Src/stm32h7xx_hal_msp.o
                0x0000000008002314                HAL_TIM_MspPostInit
 .text.HAL_UART_MspInit
                0x000000000800238c       0x94 Core/Src/stm32h7xx_hal_msp.o
                0x000000000800238c                HAL_UART_MspInit
 .text.NMI_Handler
                0x0000000008002420        0xe Core/Src/stm32h7xx_it.o
                0x0000000008002420                NMI_Handler
 .text.HardFault_Handler
                0x000000000800242e        0x6 Core/Src/stm32h7xx_it.o
                0x000000000800242e                HardFault_Handler
 .text.MemManage_Handler
                0x0000000008002434        0x6 Core/Src/stm32h7xx_it.o
                0x0000000008002434                MemManage_Handler
 .text.BusFault_Handler
                0x000000000800243a        0x6 Core/Src/stm32h7xx_it.o
                0x000000000800243a                BusFault_Handler
 .text.UsageFault_Handler
                0x0000000008002440        0x6 Core/Src/stm32h7xx_it.o
                0x0000000008002440                UsageFault_Handler
 .text.SVC_Handler
                0x0000000008002446        0xe Core/Src/stm32h7xx_it.o
                0x0000000008002446                SVC_Handler
 .text.DebugMon_Handler
                0x0000000008002454        0xe Core/Src/stm32h7xx_it.o
                0x0000000008002454                DebugMon_Handler
 .text.PendSV_Handler
                0x0000000008002462        0xe Core/Src/stm32h7xx_it.o
                0x0000000008002462                PendSV_Handler
 .text.SysTick_Handler
                0x0000000008002470        0xc Core/Src/stm32h7xx_it.o
                0x0000000008002470                SysTick_Handler
 .text.TIM2_IRQHandler
                0x000000000800247c       0x20 Core/Src/stm32h7xx_it.o
                0x000000000800247c                TIM2_IRQHandler
 .text.TIM3_IRQHandler
                0x000000000800249c       0x1c Core/Src/stm32h7xx_it.o
                0x000000000800249c                TIM3_IRQHandler
 .text.SPI1_IRQHandler
                0x00000000080024b8       0x14 Core/Src/stm32h7xx_it.o
                0x00000000080024b8                SPI1_IRQHandler
 .text.SPI2_IRQHandler
                0x00000000080024cc       0x14 Core/Src/stm32h7xx_it.o
                0x00000000080024cc                SPI2_IRQHandler
 .text.SPI3_IRQHandler
                0x00000000080024e0       0x14 Core/Src/stm32h7xx_it.o
                0x00000000080024e0                SPI3_IRQHandler
 .text.SystemInit
                0x00000000080024f4       0xc4 Core/Src/system_stm32h7xx.o
                0x00000000080024f4                SystemInit
 .text.Reset_Handler
                0x00000000080025b8       0x50 Core/Startup/startup_stm32h753vitx.o
                0x00000000080025b8                Reset_Handler
 .text.Default_Handler
                0x0000000008002608        0x2 Core/Startup/startup_stm32h753vitx.o
                0x0000000008002608                RTC_Alarm_IRQHandler
                0x0000000008002608                HASH_RNG_IRQHandler
                0x0000000008002608                EXTI2_IRQHandler
                0x0000000008002608                TIM8_CC_IRQHandler
                0x0000000008002608                HRTIM1_Master_IRQHandler
                0x0000000008002608                UART8_IRQHandler
                0x0000000008002608                SPI4_IRQHandler
                0x0000000008002608                TIM1_CC_IRQHandler
                0x0000000008002608                BDMA_Channel6_IRQHandler
                0x0000000008002608                DMA2_Stream5_IRQHandler
                0x0000000008002608                HRTIM1_FLT_IRQHandler
                0x0000000008002608                JPEG_IRQHandler
                0x0000000008002608                DMA1_Stream5_IRQHandler
                0x0000000008002608                BDMA_Channel1_IRQHandler
                0x0000000008002608                HRTIM1_TIMD_IRQHandler
                0x0000000008002608                TAMP_STAMP_IRQHandler
                0x0000000008002608                EXTI3_IRQHandler
                0x0000000008002608                LPTIM4_IRQHandler
                0x0000000008002608                TIM8_TRG_COM_TIM14_IRQHandler
                0x0000000008002608                LPTIM2_IRQHandler
                0x0000000008002608                DFSDM1_FLT1_IRQHandler
                0x0000000008002608                DMAMUX2_OVR_IRQHandler
                0x0000000008002608                TIM8_UP_TIM13_IRQHandler
                0x0000000008002608                I2C3_ER_IRQHandler
                0x0000000008002608                DFSDM1_FLT2_IRQHandler
                0x0000000008002608                MDMA_IRQHandler
                0x0000000008002608                LPTIM3_IRQHandler
                0x0000000008002608                HSEM1_IRQHandler
                0x0000000008002608                EXTI0_IRQHandler
                0x0000000008002608                I2C2_EV_IRQHandler
                0x0000000008002608                DMA1_Stream2_IRQHandler
                0x0000000008002608                FPU_IRQHandler
                0x0000000008002608                OTG_HS_WKUP_IRQHandler
                0x0000000008002608                FDCAN1_IT1_IRQHandler
                0x0000000008002608                LTDC_ER_IRQHandler
                0x0000000008002608                DMA2_Stream2_IRQHandler
                0x0000000008002608                HRTIM1_TIME_IRQHandler
                0x0000000008002608                TIM6_DAC_IRQHandler
                0x0000000008002608                DCMI_IRQHandler
                0x0000000008002608                HRTIM1_TIMC_IRQHandler
                0x0000000008002608                DMA2_Stream3_IRQHandler
                0x0000000008002608                SAI2_IRQHandler
                0x0000000008002608                DFSDM1_FLT3_IRQHandler
                0x0000000008002608                USART6_IRQHandler
                0x0000000008002608                TIM17_IRQHandler
                0x0000000008002608                USART3_IRQHandler
                0x0000000008002608                BDMA_Channel7_IRQHandler
                0x0000000008002608                CRYP_IRQHandler
                0x0000000008002608                LPTIM5_IRQHandler
                0x0000000008002608                UART5_IRQHandler
                0x0000000008002608                ADC3_IRQHandler
                0x0000000008002608                DMA2_Stream0_IRQHandler
                0x0000000008002608                TIM4_IRQHandler
                0x0000000008002608                BDMA_Channel2_IRQHandler
                0x0000000008002608                QUADSPI_IRQHandler
                0x0000000008002608                I2C1_EV_IRQHandler
                0x0000000008002608                DMA1_Stream6_IRQHandler
                0x0000000008002608                DMAMUX1_OVR_IRQHandler
                0x0000000008002608                DMA1_Stream1_IRQHandler
                0x0000000008002608                TIM16_IRQHandler
                0x0000000008002608                UART4_IRQHandler
                0x0000000008002608                BDMA_Channel5_IRQHandler
                0x0000000008002608                RCC_IRQHandler
                0x0000000008002608                TIM8_BRK_TIM12_IRQHandler
                0x0000000008002608                TIM1_TRG_COM_IRQHandler
                0x0000000008002608                Default_Handler
                0x0000000008002608                ECC_IRQHandler
                0x0000000008002608                CEC_IRQHandler
                0x0000000008002608                EXTI15_10_IRQHandler
                0x0000000008002608                BDMA_Channel0_IRQHandler
                0x0000000008002608                ADC_IRQHandler
                0x0000000008002608                DMA1_Stream7_IRQHandler
                0x0000000008002608                HRTIM1_TIMA_IRQHandler
                0x0000000008002608                SPI5_IRQHandler
                0x0000000008002608                TIM7_IRQHandler
                0x0000000008002608                SDMMC1_IRQHandler
                0x0000000008002608                TIM5_IRQHandler
                0x0000000008002608                DMA2_Stream7_IRQHandler
                0x0000000008002608                TIM15_IRQHandler
                0x0000000008002608                PVD_AVD_IRQHandler
                0x0000000008002608                I2C3_EV_IRQHandler
                0x0000000008002608                EXTI9_5_IRQHandler
                0x0000000008002608                RTC_WKUP_IRQHandler
                0x0000000008002608                LTDC_IRQHandler
                0x0000000008002608                SAI3_IRQHandler
                0x0000000008002608                ETH_WKUP_IRQHandler
                0x0000000008002608                SPDIF_RX_IRQHandler
                0x0000000008002608                OTG_HS_EP1_IN_IRQHandler
                0x0000000008002608                DMA1_Stream0_IRQHandler
                0x0000000008002608                CRS_IRQHandler
                0x0000000008002608                EXTI4_IRQHandler
                0x0000000008002608                HRTIM1_TIMB_IRQHandler
                0x0000000008002608                FDCAN2_IT1_IRQHandler
                0x0000000008002608                ETH_IRQHandler
                0x0000000008002608                TIM1_UP_IRQHandler
                0x0000000008002608                BDMA_Channel4_IRQHandler
                0x0000000008002608                OTG_HS_EP1_OUT_IRQHandler
                0x0000000008002608                WWDG_IRQHandler
                0x0000000008002608                SPI6_IRQHandler
                0x0000000008002608                MDIOS_IRQHandler
                0x0000000008002608                I2C4_EV_IRQHandler
                0x0000000008002608                FDCAN2_IT0_IRQHandler
                0x0000000008002608                LPUART1_IRQHandler
                0x0000000008002608                FDCAN1_IT0_IRQHandler
                0x0000000008002608                OTG_FS_WKUP_IRQHandler
                0x0000000008002608                OTG_HS_IRQHandler
                0x0000000008002608                DMA2D_IRQHandler
                0x0000000008002608                TIM1_BRK_IRQHandler
                0x0000000008002608                EXTI1_IRQHandler
                0x0000000008002608                SDMMC2_IRQHandler
                0x0000000008002608                OTG_FS_EP1_OUT_IRQHandler
                0x0000000008002608                BDMA_Channel3_IRQHandler
                0x0000000008002608                UART7_IRQHandler
                0x0000000008002608                MDIOS_WKUP_IRQHandler
                0x0000000008002608                USART2_IRQHandler
                0x0000000008002608                DFSDM1_FLT0_IRQHandler
                0x0000000008002608                SAI4_IRQHandler
                0x0000000008002608                I2C2_ER_IRQHandler
                0x0000000008002608                DMA2_Stream1_IRQHandler
                0x0000000008002608                FLASH_IRQHandler
                0x0000000008002608                DMA2_Stream4_IRQHandler
                0x0000000008002608                USART1_IRQHandler
                0x0000000008002608                OTG_FS_IRQHandler
                0x0000000008002608                WAKEUP_PIN_IRQHandler
                0x0000000008002608                DMA1_Stream4_IRQHandler
                0x0000000008002608                OTG_FS_EP1_IN_IRQHandler
                0x0000000008002608                I2C1_ER_IRQHandler
                0x0000000008002608                FMC_IRQHandler
                0x0000000008002608                FDCAN_CAL_IRQHandler
                0x0000000008002608                SWPMI1_IRQHandler
                0x0000000008002608                COMP1_IRQHandler
                0x0000000008002608                LPTIM1_IRQHandler
                0x0000000008002608                I2C4_ER_IRQHandler
                0x0000000008002608                DMA2_Stream6_IRQHandler
                0x0000000008002608                SAI1_IRQHandler
                0x0000000008002608                DMA1_Stream3_IRQHandler
 *fill*         0x000000000800260a        0x2 
 .text.HAL_Init
                0x000000000800260c       0x70 Drivers/STM32H7xx_HAL_Driver/Src/stm32h7xx_hal.o
                0x000000000800260c                HAL_Init
 .text.HAL_InitTick
                0x000000000800267c       0x6c Drivers/STM32H7xx_HAL_Driver/Src/stm32h7xx_hal.o
                0x000000000800267c                HAL_InitTick
 .text.HAL_IncTick
                0x00000000080026e8       0x28 Drivers/STM32H7xx_HAL_Driver/Src/stm32h7xx_hal.o
                0x00000000080026e8                HAL_IncTick
 .text.HAL_GetTick
                0x0000000008002710       0x18 Drivers/STM32H7xx_HAL_Driver/Src/stm32h7xx_hal.o
                0x0000000008002710                HAL_GetTick
 .text.HAL_Delay
                0x0000000008002728       0x44 Drivers/STM32H7xx_HAL_Driver/Src/stm32h7xx_hal.o
                0x0000000008002728                HAL_Delay
 .text.HAL_GetREVID
                0x000000000800276c       0x18 Drivers/STM32H7xx_HAL_Driver/Src/stm32h7xx_hal.o
                0x000000000800276c                HAL_GetREVID
 .text.HAL_SYSCFG_AnalogSwitchConfig
                0x0000000008002784       0x2c Drivers/STM32H7xx_HAL_Driver/Src/stm32h7xx_hal.o
                0x0000000008002784                HAL_SYSCFG_AnalogSwitchConfig
 .text.LL_ADC_SetCommonClock
                0x00000000080027b0       0x26 Drivers/STM32H7xx_HAL_Driver/Src/stm32h7xx_hal_adc.o
 .text.LL_ADC_SetCommonPathInternalCh
                0x00000000080027d6       0x26 Drivers/STM32H7xx_HAL_Driver/Src/stm32h7xx_hal_adc.o
 .text.LL_ADC_GetCommonPathInternalCh
                0x00000000080027fc       0x1c Drivers/STM32H7xx_HAL_Driver/Src/stm32h7xx_hal_adc.o
 .text.LL_ADC_SetOffset
                0x0000000008002818       0x3a Drivers/STM32H7xx_HAL_Driver/Src/stm32h7xx_hal_adc.o
 .text.LL_ADC_SetDataRightShift
                0x0000000008002852       0x32 Drivers/STM32H7xx_HAL_Driver/Src/stm32h7xx_hal_adc.o
 .text.LL_ADC_SetOffsetSignedSaturation
                0x0000000008002884       0x30 Drivers/STM32H7xx_HAL_Driver/Src/stm32h7xx_hal_adc.o
 .text.LL_ADC_REG_SetSequencerRanks
                0x00000000080028b4       0x52 Drivers/STM32H7xx_HAL_Driver/Src/stm32h7xx_hal_adc.o
 .text.LL_ADC_SetChannelSamplingTime
                0x0000000008002906       0x50 Drivers/STM32H7xx_HAL_Driver/Src/stm32h7xx_hal_adc.o
 *fill*         0x0000000008002956        0x2 
 .text.LL_ADC_SetChannelSingleDiff
                0x0000000008002958       0x48 Drivers/STM32H7xx_HAL_Driver/Src/stm32h7xx_hal_adc.o
 .text.LL_ADC_GetMultimode
                0x00000000080029a0       0x1c Drivers/STM32H7xx_HAL_Driver/Src/stm32h7xx_hal_adc.o
 .text.LL_ADC_DisableDeepPowerDown
                0x00000000080029bc       0x24 Drivers/STM32H7xx_HAL_Driver/Src/stm32h7xx_hal_adc.o
 .text.LL_ADC_IsDeepPowerDownEnabled
                0x00000000080029e0       0x28 Drivers/STM32H7xx_HAL_Driver/Src/stm32h7xx_hal_adc.o
 .text.LL_ADC_EnableInternalRegulator
                0x0000000008002a08       0x28 Drivers/STM32H7xx_HAL_Driver/Src/stm32h7xx_hal_adc.o
 .text.LL_ADC_IsInternalRegulatorEnabled
                0x0000000008002a30       0x28 Drivers/STM32H7xx_HAL_Driver/Src/stm32h7xx_hal_adc.o
 .text.LL_ADC_Enable
                0x0000000008002a58       0x28 Drivers/STM32H7xx_HAL_Driver/Src/stm32h7xx_hal_adc.o
 .text.LL_ADC_IsEnabled
                0x0000000008002a80       0x26 Drivers/STM32H7xx_HAL_Driver/Src/stm32h7xx_hal_adc.o
 *fill*         0x0000000008002aa6        0x2 
 .text.LL_ADC_REG_StartConversion
                0x0000000008002aa8       0x28 Drivers/STM32H7xx_HAL_Driver/Src/stm32h7xx_hal_adc.o
 .text.LL_ADC_REG_IsConversionOngoing
                0x0000000008002ad0       0x26 Drivers/STM32H7xx_HAL_Driver/Src/stm32h7xx_hal_adc.o
 .text.LL_ADC_INJ_IsConversionOngoing
                0x0000000008002af6       0x26 Drivers/STM32H7xx_HAL_Driver/Src/stm32h7xx_hal_adc.o
 .text.HAL_ADC_Init
                0x0000000008002b1c      0x340 Drivers/STM32H7xx_HAL_Driver/Src/stm32h7xx_hal_adc.o
                0x0000000008002b1c                HAL_ADC_Init
 .text.HAL_ADC_Start
                0x0000000008002e5c      0x194 Drivers/STM32H7xx_HAL_Driver/Src/stm32h7xx_hal_adc.o
                0x0000000008002e5c                HAL_ADC_Start
 .text.HAL_ADC_ConfigChannel
                0x0000000008002ff0      0x628 Drivers/STM32H7xx_HAL_Driver/Src/stm32h7xx_hal_adc.o
                0x0000000008002ff0                HAL_ADC_ConfigChannel
 .text.ADC_Enable
                0x0000000008003618      0x108 Drivers/STM32H7xx_HAL_Driver/Src/stm32h7xx_hal_adc.o
                0x0000000008003618                ADC_Enable
 .text.ADC_ConfigureBoostMode
                0x0000000008003720      0x200 Drivers/STM32H7xx_HAL_Driver/Src/stm32h7xx_hal_adc.o
                0x0000000008003720                ADC_ConfigureBoostMode
 .text.LL_ADC_IsEnabled
                0x0000000008003920       0x26 Drivers/STM32H7xx_HAL_Driver/Src/stm32h7xx_hal_adc_ex.o
 .text.LL_ADC_REG_IsConversionOngoing
                0x0000000008003946       0x26 Drivers/STM32H7xx_HAL_Driver/Src/stm32h7xx_hal_adc_ex.o
 .text.HAL_ADCEx_MultiModeConfigChannel
                0x000000000800396c      0x1b4 Drivers/STM32H7xx_HAL_Driver/Src/stm32h7xx_hal_adc_ex.o
                0x000000000800396c                HAL_ADCEx_MultiModeConfigChannel
 .text.__NVIC_SetPriorityGrouping
                0x0000000008003b20       0x48 Drivers/STM32H7xx_HAL_Driver/Src/stm32h7xx_hal_cortex.o
 .text.__NVIC_GetPriorityGrouping
                0x0000000008003b68       0x1c Drivers/STM32H7xx_HAL_Driver/Src/stm32h7xx_hal_cortex.o
 .text.__NVIC_EnableIRQ
                0x0000000008003b84       0x3c Drivers/STM32H7xx_HAL_Driver/Src/stm32h7xx_hal_cortex.o
 .text.__NVIC_SetPriority
                0x0000000008003bc0       0x54 Drivers/STM32H7xx_HAL_Driver/Src/stm32h7xx_hal_cortex.o
 .text.NVIC_EncodePriority
                0x0000000008003c14       0x66 Drivers/STM32H7xx_HAL_Driver/Src/stm32h7xx_hal_cortex.o
 *fill*         0x0000000008003c7a        0x2 
 .text.SysTick_Config
                0x0000000008003c7c       0x44 Drivers/STM32H7xx_HAL_Driver/Src/stm32h7xx_hal_cortex.o
 .text.HAL_NVIC_SetPriorityGrouping
                0x0000000008003cc0       0x16 Drivers/STM32H7xx_HAL_Driver/Src/stm32h7xx_hal_cortex.o
                0x0000000008003cc0                HAL_NVIC_SetPriorityGrouping
 .text.HAL_NVIC_SetPriority
                0x0000000008003cd6       0x34 Drivers/STM32H7xx_HAL_Driver/Src/stm32h7xx_hal_cortex.o
                0x0000000008003cd6                HAL_NVIC_SetPriority
 .text.HAL_NVIC_EnableIRQ
                0x0000000008003d0a       0x1c Drivers/STM32H7xx_HAL_Driver/Src/stm32h7xx_hal_cortex.o
                0x0000000008003d0a                HAL_NVIC_EnableIRQ
 .text.HAL_SYSTICK_Config
                0x0000000008003d26       0x18 Drivers/STM32H7xx_HAL_Driver/Src/stm32h7xx_hal_cortex.o
                0x0000000008003d26                HAL_SYSTICK_Config
 *fill*         0x0000000008003d3e        0x2 
 .text.HAL_DMA_Abort_IT
                0x0000000008003d40      0x32c Drivers/STM32H7xx_HAL_Driver/Src/stm32h7xx_hal_dma.o
                0x0000000008003d40                HAL_DMA_Abort_IT
 .text.HAL_FDCAN_Init
                0x000000000800406c      0x3c4 Drivers/STM32H7xx_HAL_Driver/Src/stm32h7xx_hal_fdcan.o
                0x000000000800406c                HAL_FDCAN_Init
 .text.FDCAN_CalcultateRamBlockAddresses
                0x0000000008004430      0x30c Drivers/STM32H7xx_HAL_Driver/Src/stm32h7xx_hal_fdcan.o
 .text.HAL_GPIO_Init
                0x000000000800473c      0x360 Drivers/STM32H7xx_HAL_Driver/Src/stm32h7xx_hal_gpio.o
                0x000000000800473c                HAL_GPIO_Init
 .text.HAL_GPIO_WritePin
                0x0000000008004a9c       0x32 Drivers/STM32H7xx_HAL_Driver/Src/stm32h7xx_hal_gpio.o
                0x0000000008004a9c                HAL_GPIO_WritePin
 .text.HAL_GPIO_TogglePin
                0x0000000008004ace       0x36 Drivers/STM32H7xx_HAL_Driver/Src/stm32h7xx_hal_gpio.o
                0x0000000008004ace                HAL_GPIO_TogglePin
 .text.HAL_I2C_Init
                0x0000000008004b04      0x120 Drivers/STM32H7xx_HAL_Driver/Src/stm32h7xx_hal_i2c.o
                0x0000000008004b04                HAL_I2C_Init
 .text.HAL_I2CEx_ConfigAnalogFilter
                0x0000000008004c24       0x96 Drivers/STM32H7xx_HAL_Driver/Src/stm32h7xx_hal_i2c_ex.o
                0x0000000008004c24                HAL_I2CEx_ConfigAnalogFilter
 .text.HAL_I2CEx_ConfigDigitalFilter
                0x0000000008004cba       0x98 Drivers/STM32H7xx_HAL_Driver/Src/stm32h7xx_hal_i2c_ex.o
                0x0000000008004cba                HAL_I2CEx_ConfigDigitalFilter
 *fill*         0x0000000008004d52        0x2 
 .text.HAL_PWREx_ConfigSupply
                0x0000000008004d54       0x70 Drivers/STM32H7xx_HAL_Driver/Src/stm32h7xx_hal_pwr_ex.o
                0x0000000008004d54                HAL_PWREx_ConfigSupply
 .text.HAL_RCC_OscConfig
                0x0000000008004dc4      0x770 Drivers/STM32H7xx_HAL_Driver/Src/stm32h7xx_hal_rcc.o
                0x0000000008004dc4                HAL_RCC_OscConfig
 .text.HAL_RCC_ClockConfig
                0x0000000008005534      0x348 Drivers/STM32H7xx_HAL_Driver/Src/stm32h7xx_hal_rcc.o
                0x0000000008005534                HAL_RCC_ClockConfig
 .text.HAL_RCC_GetSysClockFreq
                0x000000000800587c      0x2e4 Drivers/STM32H7xx_HAL_Driver/Src/stm32h7xx_hal_rcc.o
                0x000000000800587c                HAL_RCC_GetSysClockFreq
 .text.HAL_RCC_GetHCLKFreq
                0x0000000008005b60       0x38 Drivers/STM32H7xx_HAL_Driver/Src/stm32h7xx_hal_rcc.o
                0x0000000008005b60                HAL_RCC_GetHCLKFreq
 .text.HAL_RCC_GetPCLK1Freq
                0x0000000008005b98       0x2c Drivers/STM32H7xx_HAL_Driver/Src/stm32h7xx_hal_rcc.o
                0x0000000008005b98                HAL_RCC_GetPCLK1Freq
 .text.HAL_RCC_GetPCLK2Freq
                0x0000000008005bc4       0x2c Drivers/STM32H7xx_HAL_Driver/Src/stm32h7xx_hal_rcc.o
                0x0000000008005bc4                HAL_RCC_GetPCLK2Freq
 .text.HAL_RCCEx_PeriphCLKConfig
                0x0000000008005bf0      0xde0 Drivers/STM32H7xx_HAL_Driver/Src/stm32h7xx_hal_rcc_ex.o
                0x0000000008005bf0                HAL_RCCEx_PeriphCLKConfig
 .text.HAL_RCCEx_GetPeriphCLKFreq
                0x00000000080069d0      0x46c Drivers/STM32H7xx_HAL_Driver/Src/stm32h7xx_hal_rcc_ex.o
                0x00000000080069d0                HAL_RCCEx_GetPeriphCLKFreq
 .text.HAL_RCCEx_GetD3PCLK1Freq
                0x0000000008006e3c       0x2c Drivers/STM32H7xx_HAL_Driver/Src/stm32h7xx_hal_rcc_ex.o
                0x0000000008006e3c                HAL_RCCEx_GetD3PCLK1Freq
 .text.HAL_RCCEx_GetPLL2ClockFreq
                0x0000000008006e68      0x298 Drivers/STM32H7xx_HAL_Driver/Src/stm32h7xx_hal_rcc_ex.o
                0x0000000008006e68                HAL_RCCEx_GetPLL2ClockFreq
 .text.HAL_RCCEx_GetPLL3ClockFreq
                0x0000000008007100      0x298 Drivers/STM32H7xx_HAL_Driver/Src/stm32h7xx_hal_rcc_ex.o
                0x0000000008007100                HAL_RCCEx_GetPLL3ClockFreq
 .text.HAL_RCCEx_GetPLL1ClockFreq
                0x0000000008007398      0x298 Drivers/STM32H7xx_HAL_Driver/Src/stm32h7xx_hal_rcc_ex.o
                0x0000000008007398                HAL_RCCEx_GetPLL1ClockFreq
 .text.HAL_RCCEx_GetD1SysClockFreq
                0x0000000008007630       0x38 Drivers/STM32H7xx_HAL_Driver/Src/stm32h7xx_hal_rcc_ex.o
                0x0000000008007630                HAL_RCCEx_GetD1SysClockFreq
 .text.RCCEx_PLL2_Config
                0x0000000008007668      0x164 Drivers/STM32H7xx_HAL_Driver/Src/stm32h7xx_hal_rcc_ex.o
 .text.RCCEx_PLL3_Config
                0x00000000080077cc      0x164 Drivers/STM32H7xx_HAL_Driver/Src/stm32h7xx_hal_rcc_ex.o
 .text.HAL_SPI_Init
                0x0000000008007930      0x1f0 Drivers/STM32H7xx_HAL_Driver/Src/stm32h7xx_hal_spi.o
                0x0000000008007930                HAL_SPI_Init
 .text.HAL_SPI_TransmitReceive_IT
                0x0000000008007b20      0x188 Drivers/STM32H7xx_HAL_Driver/Src/stm32h7xx_hal_spi.o
                0x0000000008007b20                HAL_SPI_TransmitReceive_IT
 .text.HAL_SPI_IRQHandler
                0x0000000008007ca8      0x3c0 Drivers/STM32H7xx_HAL_Driver/Src/stm32h7xx_hal_spi.o
                0x0000000008007ca8                HAL_SPI_IRQHandler
 .text.HAL_SPI_TxCpltCallback
                0x0000000008008068       0x14 Drivers/STM32H7xx_HAL_Driver/Src/stm32h7xx_hal_spi.o
                0x0000000008008068                HAL_SPI_TxCpltCallback
 .text.HAL_SPI_RxCpltCallback
                0x000000000800807c       0x14 Drivers/STM32H7xx_HAL_Driver/Src/stm32h7xx_hal_spi.o
                0x000000000800807c                HAL_SPI_RxCpltCallback
 .text.HAL_SPI_TxRxCpltCallback
                0x0000000008008090       0x14 Drivers/STM32H7xx_HAL_Driver/Src/stm32h7xx_hal_spi.o
                0x0000000008008090                HAL_SPI_TxRxCpltCallback
 .text.HAL_SPI_ErrorCallback
                0x00000000080080a4       0x14 Drivers/STM32H7xx_HAL_Driver/Src/stm32h7xx_hal_spi.o
                0x00000000080080a4                HAL_SPI_ErrorCallback
 .text.SPI_DMAAbortOnError
                0x00000000080080b8       0x34 Drivers/STM32H7xx_HAL_Driver/Src/stm32h7xx_hal_spi.o
 .text.SPI_RxISR_8BIT
                0x00000000080080ec       0x5e Drivers/STM32H7xx_HAL_Driver/Src/stm32h7xx_hal_spi.o
 .text.SPI_RxISR_16BIT
                0x000000000800814a       0x5e Drivers/STM32H7xx_HAL_Driver/Src/stm32h7xx_hal_spi.o
 .text.SPI_RxISR_32BIT
                0x00000000080081a8       0x58 Drivers/STM32H7xx_HAL_Driver/Src/stm32h7xx_hal_spi.o
 .text.SPI_TxISR_8BIT
                0x0000000008008200       0x5a Drivers/STM32H7xx_HAL_Driver/Src/stm32h7xx_hal_spi.o
 .text.SPI_TxISR_16BIT
                0x000000000800825a       0x5a Drivers/STM32H7xx_HAL_Driver/Src/stm32h7xx_hal_spi.o
 .text.SPI_TxISR_32BIT
                0x00000000080082b4       0x58 Drivers/STM32H7xx_HAL_Driver/Src/stm32h7xx_hal_spi.o
 .text.SPI_CloseTransfer
                0x000000000800830c      0x140 Drivers/STM32H7xx_HAL_Driver/Src/stm32h7xx_hal_spi.o
 .text.SPI_GetPacketSize
                0x000000000800844c       0x36 Drivers/STM32H7xx_HAL_Driver/Src/stm32h7xx_hal_spi.o
 .text.HAL_TIM_Base_Init
                0x0000000008008482       0x56 Drivers/STM32H7xx_HAL_Driver/Src/stm32h7xx_hal_tim.o
                0x0000000008008482                HAL_TIM_Base_Init
 .text.HAL_TIM_Base_Start_IT
                0x00000000080084d8       0x54 Drivers/STM32H7xx_HAL_Driver/Src/stm32h7xx_hal_tim.o
                0x00000000080084d8                HAL_TIM_Base_Start_IT
 .text.HAL_TIM_PWM_Init
                0x000000000800852c       0x56 Drivers/STM32H7xx_HAL_Driver/Src/stm32h7xx_hal_tim.o
                0x000000000800852c                HAL_TIM_PWM_Init
 .text.HAL_TIM_PWM_MspInit
                0x0000000008008582       0x14 Drivers/STM32H7xx_HAL_Driver/Src/stm32h7xx_hal_tim.o
                0x0000000008008582                HAL_TIM_PWM_MspInit
 *fill*         0x0000000008008596        0x2 
 .text.HAL_TIM_PWM_Start
                0x0000000008008598       0xb0 Drivers/STM32H7xx_HAL_Driver/Src/stm32h7xx_hal_tim.o
                0x0000000008008598                HAL_TIM_PWM_Start
 .text.HAL_TIM_IRQHandler
                0x0000000008008648      0x23e Drivers/STM32H7xx_HAL_Driver/Src/stm32h7xx_hal_tim.o
                0x0000000008008648                HAL_TIM_IRQHandler
 *fill*         0x0000000008008886        0x2 
 .text.HAL_TIM_PWM_ConfigChannel
                0x0000000008008888      0x230 Drivers/STM32H7xx_HAL_Driver/Src/stm32h7xx_hal_tim.o
                0x0000000008008888                HAL_TIM_PWM_ConfigChannel
 .text.HAL_TIM_ConfigClockSource
                0x0000000008008ab8      0x1a0 Drivers/STM32H7xx_HAL_Driver/Src/stm32h7xx_hal_tim.o
                0x0000000008008ab8                HAL_TIM_ConfigClockSource
 .text.HAL_TIM_PeriodElapsedCallback
                0x0000000008008c58       0x14 Drivers/STM32H7xx_HAL_Driver/Src/stm32h7xx_hal_tim.o
                0x0000000008008c58                HAL_TIM_PeriodElapsedCallback
 .text.HAL_TIM_OC_DelayElapsedCallback
                0x0000000008008c6c       0x14 Drivers/STM32H7xx_HAL_Driver/Src/stm32h7xx_hal_tim.o
                0x0000000008008c6c                HAL_TIM_OC_DelayElapsedCallback
 .text.HAL_TIM_IC_CaptureCallback
                0x0000000008008c80       0x14 Drivers/STM32H7xx_HAL_Driver/Src/stm32h7xx_hal_tim.o
                0x0000000008008c80                HAL_TIM_IC_CaptureCallback
 .text.HAL_TIM_PWM_PulseFinishedCallback
                0x0000000008008c94       0x14 Drivers/STM32H7xx_HAL_Driver/Src/stm32h7xx_hal_tim.o
                0x0000000008008c94                HAL_TIM_PWM_PulseFinishedCallback
 .text.HAL_TIM_TriggerCallback
                0x0000000008008ca8       0x14 Drivers/STM32H7xx_HAL_Driver/Src/stm32h7xx_hal_tim.o
                0x0000000008008ca8                HAL_TIM_TriggerCallback
 .text.TIM_Base_SetConfig
                0x0000000008008cbc      0x134 Drivers/STM32H7xx_HAL_Driver/Src/stm32h7xx_hal_tim.o
                0x0000000008008cbc                TIM_Base_SetConfig
 .text.TIM_OC1_SetConfig
                0x0000000008008df0      0x120 Drivers/STM32H7xx_HAL_Driver/Src/stm32h7xx_hal_tim.o
 .text.TIM_OC2_SetConfig
                0x0000000008008f10      0x114 Drivers/STM32H7xx_HAL_Driver/Src/stm32h7xx_hal_tim.o
                0x0000000008008f10                TIM_OC2_SetConfig
 .text.TIM_OC3_SetConfig
                0x0000000008009024      0x10c Drivers/STM32H7xx_HAL_Driver/Src/stm32h7xx_hal_tim.o
 .text.TIM_OC4_SetConfig
                0x0000000008009130       0xd0 Drivers/STM32H7xx_HAL_Driver/Src/stm32h7xx_hal_tim.o
 .text.TIM_OC5_SetConfig
                0x0000000008009200       0xc4 Drivers/STM32H7xx_HAL_Driver/Src/stm32h7xx_hal_tim.o
 .text.TIM_OC6_SetConfig
                0x00000000080092c4       0xc8 Drivers/STM32H7xx_HAL_Driver/Src/stm32h7xx_hal_tim.o
 .text.TIM_TI1_ConfigInputStage
                0x000000000800938c       0x5e Drivers/STM32H7xx_HAL_Driver/Src/stm32h7xx_hal_tim.o
 .text.TIM_TI2_ConfigInputStage
                0x00000000080093ea       0x60 Drivers/STM32H7xx_HAL_Driver/Src/stm32h7xx_hal_tim.o
 *fill*         0x000000000800944a        0x2 
 .text.TIM_ITRx_SetConfig
                0x000000000800944c       0x3c Drivers/STM32H7xx_HAL_Driver/Src/stm32h7xx_hal_tim.o
 .text.TIM_ETR_SetConfig
                0x0000000008009488       0x40 Drivers/STM32H7xx_HAL_Driver/Src/stm32h7xx_hal_tim.o
                0x0000000008009488                TIM_ETR_SetConfig
 .text.TIM_CCxChannelCmd
                0x00000000080094c8       0x4a Drivers/STM32H7xx_HAL_Driver/Src/stm32h7xx_hal_tim.o
                0x00000000080094c8                TIM_CCxChannelCmd
 *fill*         0x0000000008009512        0x2 
 .text.HAL_TIMEx_PWMN_Start
                0x0000000008009514       0x60 Drivers/STM32H7xx_HAL_Driver/Src/stm32h7xx_hal_tim_ex.o
                0x0000000008009514                HAL_TIMEx_PWMN_Start
 .text.HAL_TIMEx_MasterConfigSynchronization
                0x0000000008009574       0xb8 Drivers/STM32H7xx_HAL_Driver/Src/stm32h7xx_hal_tim_ex.o
                0x0000000008009574                HAL_TIMEx_MasterConfigSynchronization
 .text.HAL_TIMEx_ConfigBreakDeadTime
                0x000000000800962c       0xfc Drivers/STM32H7xx_HAL_Driver/Src/stm32h7xx_hal_tim_ex.o
                0x000000000800962c                HAL_TIMEx_ConfigBreakDeadTime
 .text.HAL_TIMEx_CommutCallback
                0x0000000008009728       0x14 Drivers/STM32H7xx_HAL_Driver/Src/stm32h7xx_hal_tim_ex.o
                0x0000000008009728                HAL_TIMEx_CommutCallback
 .text.HAL_TIMEx_BreakCallback
                0x000000000800973c       0x14 Drivers/STM32H7xx_HAL_Driver/Src/stm32h7xx_hal_tim_ex.o
                0x000000000800973c                HAL_TIMEx_BreakCallback
 .text.HAL_TIMEx_Break2Callback
                0x0000000008009750       0x14 Drivers/STM32H7xx_HAL_Driver/Src/stm32h7xx_hal_tim_ex.o
                0x0000000008009750                HAL_TIMEx_Break2Callback
 .text.TIM_CCxNChannelCmd
                0x0000000008009764       0x4a Drivers/STM32H7xx_HAL_Driver/Src/stm32h7xx_hal_tim_ex.o
 .text.HAL_UART_Init
                0x00000000080097ae       0xa0 Drivers/STM32H7xx_HAL_Driver/Src/stm32h7xx_hal_uart.o
                0x00000000080097ae                HAL_UART_Init
 *fill*         0x000000000800984e        0x2 
 .text.UART_SetConfig
                0x0000000008009850     0x22fc Drivers/STM32H7xx_HAL_Driver/Src/stm32h7xx_hal_uart.o
                0x0000000008009850                UART_SetConfig
 .text.UART_AdvFeatureConfig
                0x000000000800bb4c      0x144 Drivers/STM32H7xx_HAL_Driver/Src/stm32h7xx_hal_uart.o
                0x000000000800bb4c                UART_AdvFeatureConfig
 .text.UART_CheckIdleState
                0x000000000800bc90       0x90 Drivers/STM32H7xx_HAL_Driver/Src/stm32h7xx_hal_uart.o
                0x000000000800bc90                UART_CheckIdleState
 .text.UART_WaitOnFlagUntilTimeout
                0x000000000800bd20      0x100 Drivers/STM32H7xx_HAL_Driver/Src/stm32h7xx_hal_uart.o
                0x000000000800bd20                UART_WaitOnFlagUntilTimeout
 .text.HAL_UARTEx_DisableFifoMode
                0x000000000800be20       0x72 Drivers/STM32H7xx_HAL_Driver/Src/stm32h7xx_hal_uart_ex.o
                0x000000000800be20                HAL_UARTEx_DisableFifoMode
 .text.HAL_UARTEx_SetTxFifoThreshold
                0x000000000800be92       0x7c Drivers/STM32H7xx_HAL_Driver/Src/stm32h7xx_hal_uart_ex.o
                0x000000000800be92                HAL_UARTEx_SetTxFifoThreshold
 .text.HAL_UARTEx_SetRxFifoThreshold
                0x000000000800bf0e       0x7c Drivers/STM32H7xx_HAL_Driver/Src/stm32h7xx_hal_uart_ex.o
                0x000000000800bf0e                HAL_UARTEx_SetRxFifoThreshold
 *fill*         0x000000000800bf8a        0x2 
 .text.UARTEx_SetNbDataToProcess
                0x000000000800bf8c       0xd0 Drivers/STM32H7xx_HAL_Driver/Src/stm32h7xx_hal_uart_ex.o
 .text.__libc_init_array
                0x000000000800c05c       0x48 c:/st/stm32cubeide_1.0.0/stm32cubeide/plugins/com.st.stm32cube.ide.mcu.externaltools.gnu-tools-for-stm32.7-2018-q2-update.win32_1.0.0.201904181610/tools/bin/../lib/gcc/arm-none-eabi/7.3.1/../../../../arm-none-eabi/lib/thumb/v7e-m/fpv5/hard\libc_nano.a(lib_a-init.o)
                0x000000000800c05c                __libc_init_array
 .text.memcpy   0x000000000800c0a4       0x16 c:/st/stm32cubeide_1.0.0/stm32cubeide/plugins/com.st.stm32cube.ide.mcu.externaltools.gnu-tools-for-stm32.7-2018-q2-update.win32_1.0.0.201904181610/tools/bin/../lib/gcc/arm-none-eabi/7.3.1/../../../../arm-none-eabi/lib/thumb/v7e-m/fpv5/hard\libc_nano.a(lib_a-memcpy-stub.o)
                0x000000000800c0a4                memcpy
 .text.memset   0x000000000800c0ba       0x10 c:/st/stm32cubeide_1.0.0/stm32cubeide/plugins/com.st.stm32cube.ide.mcu.externaltools.gnu-tools-for-stm32.7-2018-q2-update.win32_1.0.0.201904181610/tools/bin/../lib/gcc/arm-none-eabi/7.3.1/../../../../arm-none-eabi/lib/thumb/v7e-m/fpv5/hard\libc_nano.a(lib_a-memset.o)
                0x000000000800c0ba                memset
 *(.glue_7)
 .glue_7        0x000000000800c0ca        0x0 linker stubs
 *(.glue_7t)
 .glue_7t       0x000000000800c0ca        0x0 linker stubs
 *(.eh_frame)
 *fill*         0x000000000800c0ca        0x2 
 .eh_frame      0x000000000800c0cc        0x0 c:/st/stm32cubeide_1.0.0/stm32cubeide/plugins/com.st.stm32cube.ide.mcu.externaltools.gnu-tools-for-stm32.7-2018-q2-update.win32_1.0.0.201904181610/tools/bin/../lib/gcc/arm-none-eabi/7.3.1/thumb/v7e-m/fpv5/hard/crtbegin.o
 *(.init)
 .init          0x000000000800c0cc        0x4 c:/st/stm32cubeide_1.0.0/stm32cubeide/plugins/com.st.stm32cube.ide.mcu.externaltools.gnu-tools-for-stm32.7-2018-q2-update.win32_1.0.0.201904181610/tools/bin/../lib/gcc/arm-none-eabi/7.3.1/thumb/v7e-m/fpv5/hard/crti.o
                0x000000000800c0cc                _init
 .init          0x000000000800c0d0        0x8 c:/st/stm32cubeide_1.0.0/stm32cubeide/plugins/com.st.stm32cube.ide.mcu.externaltools.gnu-tools-for-stm32.7-2018-q2-update.win32_1.0.0.201904181610/tools/bin/../lib/gcc/arm-none-eabi/7.3.1/thumb/v7e-m/fpv5/hard/crtn.o
 *(.fini)
 .fini          0x000000000800c0d8        0x4 c:/st/stm32cubeide_1.0.0/stm32cubeide/plugins/com.st.stm32cube.ide.mcu.externaltools.gnu-tools-for-stm32.7-2018-q2-update.win32_1.0.0.201904181610/tools/bin/../lib/gcc/arm-none-eabi/7.3.1/thumb/v7e-m/fpv5/hard/crti.o
                0x000000000800c0d8                _fini
 .fini          0x000000000800c0dc        0x8 c:/st/stm32cubeide_1.0.0/stm32cubeide/plugins/com.st.stm32cube.ide.mcu.externaltools.gnu-tools-for-stm32.7-2018-q2-update.win32_1.0.0.201904181610/tools/bin/../lib/gcc/arm-none-eabi/7.3.1/thumb/v7e-m/fpv5/hard/crtn.o
                0x000000000800c0e4                . = ALIGN (0x4)
                0x000000000800c0e4                _etext = .

.vfp11_veneer   0x000000000800c0e4        0x0
 .vfp11_veneer  0x000000000800c0e4        0x0 linker stubs

.v4_bx          0x000000000800c0e4        0x0
 .v4_bx         0x000000000800c0e4        0x0 linker stubs

.iplt           0x000000000800c0e4        0x0
 .iplt          0x000000000800c0e4        0x0 c:/st/stm32cubeide_1.0.0/stm32cubeide/plugins/com.st.stm32cube.ide.mcu.externaltools.gnu-tools-for-stm32.7-2018-q2-update.win32_1.0.0.201904181610/tools/bin/../lib/gcc/arm-none-eabi/7.3.1/thumb/v7e-m/fpv5/hard/crtbegin.o

.rodata         0x000000000800c0e4       0x6c
                0x000000000800c0e4                . = ALIGN (0x4)
 *(.rodata)
 .rodata        0x000000000800c0e4       0x4c Drivers/STM32H7xx_HAL_Driver/Src/stm32h7xx_hal_fdcan.o
 .rodata        0x000000000800c130       0x10 Drivers/STM32H7xx_HAL_Driver/Src/stm32h7xx_hal_uart_ex.o
 *(.rodata*)
 .rodata.D1CorePrescTable
                0x000000000800c140       0x10 Core/Src/system_stm32h7xx.o
                0x000000000800c140                D1CorePrescTable
                0x000000000800c150                . = ALIGN (0x4)

.ARM.extab      0x000000000800c150        0x0
                0x000000000800c150                . = ALIGN (0x4)
 *(.ARM.extab* .gnu.linkonce.armextab.*)
                0x000000000800c150                . = ALIGN (0x4)

.ARM            0x000000000800c150        0x8
                0x000000000800c150                . = ALIGN (0x4)
                0x000000000800c150                __exidx_start = .
 *(.ARM.exidx*)
 .ARM.exidx     0x000000000800c150        0x8 c:/st/stm32cubeide_1.0.0/stm32cubeide/plugins/com.st.stm32cube.ide.mcu.externaltools.gnu-tools-for-stm32.7-2018-q2-update.win32_1.0.0.201904181610/tools/bin/../lib/gcc/arm-none-eabi/7.3.1/thumb/v7e-m/fpv5/hard\libgcc.a(_udivmoddi4.o)
                0x000000000800c158                __exidx_end = .
                0x000000000800c158                . = ALIGN (0x4)

.rel.dyn        0x000000000800c158        0x0
 .rel.iplt      0x000000000800c158        0x0 c:/st/stm32cubeide_1.0.0/stm32cubeide/plugins/com.st.stm32cube.ide.mcu.externaltools.gnu-tools-for-stm32.7-2018-q2-update.win32_1.0.0.201904181610/tools/bin/../lib/gcc/arm-none-eabi/7.3.1/thumb/v7e-m/fpv5/hard/crtbegin.o

.preinit_array  0x000000000800c158        0x0
                0x000000000800c158                . = ALIGN (0x4)
                0x000000000800c158                PROVIDE (__preinit_array_start = .)
 *(.preinit_array*)
                0x000000000800c158                PROVIDE (__preinit_array_end = .)
                0x000000000800c158                . = ALIGN (0x4)

.init_array     0x000000000800c158        0x4
                0x000000000800c158                . = ALIGN (0x4)
                0x000000000800c158                PROVIDE (__init_array_start = .)
 *(SORT_BY_NAME(.init_array.*))
 *(.init_array*)
 .init_array    0x000000000800c158        0x4 c:/st/stm32cubeide_1.0.0/stm32cubeide/plugins/com.st.stm32cube.ide.mcu.externaltools.gnu-tools-for-stm32.7-2018-q2-update.win32_1.0.0.201904181610/tools/bin/../lib/gcc/arm-none-eabi/7.3.1/thumb/v7e-m/fpv5/hard/crtbegin.o
                0x000000000800c15c                PROVIDE (__init_array_end = .)
                0x000000000800c15c                . = ALIGN (0x4)

.fini_array     0x000000000800c15c        0x4
                0x000000000800c15c                . = ALIGN (0x4)
                [!provide]                        PROVIDE (__fini_array_start = .)
 *(SORT_BY_NAME(.fini_array.*))
 *(.fini_array*)
 .fini_array    0x000000000800c15c        0x4 c:/st/stm32cubeide_1.0.0/stm32cubeide/plugins/com.st.stm32cube.ide.mcu.externaltools.gnu-tools-for-stm32.7-2018-q2-update.win32_1.0.0.201904181610/tools/bin/../lib/gcc/arm-none-eabi/7.3.1/thumb/v7e-m/fpv5/hard/crtbegin.o
                [!provide]                        PROVIDE (__fini_array_end = .)
                0x000000000800c160                . = ALIGN (0x4)
                0x000000000800c160                _sidata = LOADADDR (.data)

.data           0x0000000024000000      0x5b8 load address 0x000000000800c160
                0x0000000024000000                . = ALIGN (0x4)
                0x0000000024000000                _sdata = .
 *(.data)
 *(.data*)
 .data.pc_coff  0x0000000024000000        0x4 Core/Src/FOC.o
 .data.sin_lut_table
                0x0000000024000004      0x5a0 Core/Src/FOC.o
 .data.max_speed_int
                0x00000000240005a4        0x4 Core/Src/PI_Loop.o
                0x00000000240005a4                max_speed_int
 .data.SystemCoreClock
                0x00000000240005a8        0x4 Core/Src/system_stm32h7xx.o
                0x00000000240005a8                SystemCoreClock
 .data.SystemD2Clock
                0x00000000240005ac        0x4 Core/Src/system_stm32h7xx.o
                0x00000000240005ac                SystemD2Clock
 .data.uwTickPrio
                0x00000000240005b0        0x4 Drivers/STM32H7xx_HAL_Driver/Src/stm32h7xx_hal.o
                0x00000000240005b0                uwTickPrio
 .data.uwTickFreq
                0x00000000240005b4        0x1 Drivers/STM32H7xx_HAL_Driver/Src/stm32h7xx_hal.o
                0x00000000240005b4                uwTickFreq
                0x00000000240005b8                . = ALIGN (0x4)
 *fill*         0x00000000240005b5        0x3 
                0x00000000240005b8                _edata = .

.igot.plt       0x00000000240005b8        0x0 load address 0x000000000800c718
 .igot.plt      0x00000000240005b8        0x0 c:/st/stm32cubeide_1.0.0/stm32cubeide/plugins/com.st.stm32cube.ide.mcu.externaltools.gnu-tools-for-stm32.7-2018-q2-update.win32_1.0.0.201904181610/tools/bin/../lib/gcc/arm-none-eabi/7.3.1/thumb/v7e-m/fpv5/hard/crtbegin.o
                0x00000000240005b8                . = ALIGN (0x4)

.bss            0x00000000240005b8      0x538 load address 0x000000000800c718
                0x00000000240005b8                _sbss = .
                0x00000000240005b8                __bss_start__ = _sbss
 *(.bss)
 .bss           0x00000000240005b8       0x1c c:/st/stm32cubeide_1.0.0/stm32cubeide/plugins/com.st.stm32cube.ide.mcu.externaltools.gnu-tools-for-stm32.7-2018-q2-update.win32_1.0.0.201904181610/tools/bin/../lib/gcc/arm-none-eabi/7.3.1/thumb/v7e-m/fpv5/hard/crtbegin.o
 *(.bss*)
 .bss.interrorq
                0x00000000240005d4        0x4 Core/Src/PI_Loop.o
 .bss.interrord
                0x00000000240005d8        0x4 Core/Src/PI_Loop.o
 .bss.interrorspeed
                0x00000000240005dc        0x4 Core/Src/PI_Loop.o
 .bss.last_tic_speed
                0x00000000240005e0        0x4 Core/Src/PI_Loop.o
 .bss.position  0x00000000240005e4        0x4 Core/Src/main.o
                0x00000000240005e4                position
 .bss.wait      0x00000000240005e8        0x4 Core/Src/main.o
                0x00000000240005e8                wait
 .bss.HAL_RCC_ADC12_CLK_ENABLED
                0x00000000240005ec        0x4 Core/Src/stm32h7xx_hal_msp.o
 *(COMMON)
 COMMON         0x00000000240005f0      0x4fc Core/Src/main.o
                0x00000000240005f0                hspi2
                0x0000000024000678                hadc2
                0x00000000240006dc                hi2c1
                0x0000000024000728                htim3
                0x0000000024000768                hspi3
                0x00000000240007f0                hadc1
                0x0000000024000854                hadc3
                0x00000000240008b8                huart1
                0x0000000024000944                hfdcan1
                0x00000000240009e4                htim1
                0x0000000024000a24                hspi1
                0x0000000024000aac                htim2
 COMMON         0x0000000024000aec        0x4 Drivers/STM32H7xx_HAL_Driver/Src/stm32h7xx_hal.o
                0x0000000024000aec                uwTick
                0x0000000024000af0                . = ALIGN (0x4)
                0x0000000024000af0                _ebss = .
                0x0000000024000af0                __bss_end__ = _ebss

._user_heap_stack
                0x0000000024000af0      0x600 load address 0x000000000800c718
                0x0000000024000af0                . = ALIGN (0x8)
                [!provide]                        PROVIDE (end = .)
                [!provide]                        PROVIDE (_end = .)
                0x0000000024000cf0                . = (. + _Min_Heap_Size)
 *fill*         0x0000000024000af0      0x200 
                0x00000000240010f0                . = (. + _Min_Stack_Size)
 *fill*         0x0000000024000cf0      0x400 
                0x00000000240010f0                . = ALIGN (0x8)

/DISCARD/
 libc.a(*)
 libm.a(*)
 libgcc.a(*)

.ARM.attributes
                0x0000000000000000       0x2e
 *(.ARM.attributes)
 .ARM.attributes
                0x0000000000000000       0x20 c:/st/stm32cubeide_1.0.0/stm32cubeide/plugins/com.st.stm32cube.ide.mcu.externaltools.gnu-tools-for-stm32.7-2018-q2-update.win32_1.0.0.201904181610/tools/bin/../lib/gcc/arm-none-eabi/7.3.1/thumb/v7e-m/fpv5/hard/crti.o
 .ARM.attributes
                0x0000000000000020       0x32 c:/st/stm32cubeide_1.0.0/stm32cubeide/plugins/com.st.stm32cube.ide.mcu.externaltools.gnu-tools-for-stm32.7-2018-q2-update.win32_1.0.0.201904181610/tools/bin/../lib/gcc/arm-none-eabi/7.3.1/thumb/v7e-m/fpv5/hard/crtbegin.o
 .ARM.attributes
                0x0000000000000052       0x37 Core/Src/FOC.o
 .ARM.attributes
                0x0000000000000089       0x37 Core/Src/PI_Loop.o
 .ARM.attributes
                0x00000000000000c0       0x37 Core/Src/main.o
 .ARM.attributes
                0x00000000000000f7       0x37 Core/Src/stm32h7xx_hal_msp.o
 .ARM.attributes
                0x000000000000012e       0x37 Core/Src/stm32h7xx_it.o
 .ARM.attributes
                0x0000000000000165       0x37 Core/Src/system_stm32h7xx.o
 .ARM.attributes
                0x000000000000019c       0x21 Core/Startup/startup_stm32h753vitx.o
 .ARM.attributes
                0x00000000000001bd       0x37 Drivers/STM32H7xx_HAL_Driver/Src/stm32h7xx_hal.o
 .ARM.attributes
                0x00000000000001f4       0x37 Drivers/STM32H7xx_HAL_Driver/Src/stm32h7xx_hal_adc.o
 .ARM.attributes
                0x000000000000022b       0x37 Drivers/STM32H7xx_HAL_Driver/Src/stm32h7xx_hal_adc_ex.o
 .ARM.attributes
                0x0000000000000262       0x37 Drivers/STM32H7xx_HAL_Driver/Src/stm32h7xx_hal_cortex.o
 .ARM.attributes
                0x0000000000000299       0x37 Drivers/STM32H7xx_HAL_Driver/Src/stm32h7xx_hal_dma.o
 .ARM.attributes
                0x00000000000002d0       0x37 Drivers/STM32H7xx_HAL_Driver/Src/stm32h7xx_hal_fdcan.o
 .ARM.attributes
                0x0000000000000307       0x37 Drivers/STM32H7xx_HAL_Driver/Src/stm32h7xx_hal_gpio.o
 .ARM.attributes
                0x000000000000033e       0x37 Drivers/STM32H7xx_HAL_Driver/Src/stm32h7xx_hal_i2c.o
 .ARM.attributes
                0x0000000000000375       0x37 Drivers/STM32H7xx_HAL_Driver/Src/stm32h7xx_hal_i2c_ex.o
 .ARM.attributes
                0x00000000000003ac       0x37 Drivers/STM32H7xx_HAL_Driver/Src/stm32h7xx_hal_pwr_ex.o
 .ARM.attributes
                0x00000000000003e3       0x37 Drivers/STM32H7xx_HAL_Driver/Src/stm32h7xx_hal_rcc.o
 .ARM.attributes
                0x000000000000041a       0x37 Drivers/STM32H7xx_HAL_Driver/Src/stm32h7xx_hal_rcc_ex.o
 .ARM.attributes
                0x0000000000000451       0x37 Drivers/STM32H7xx_HAL_Driver/Src/stm32h7xx_hal_spi.o
 .ARM.attributes
                0x0000000000000488       0x37 Drivers/STM32H7xx_HAL_Driver/Src/stm32h7xx_hal_tim.o
 .ARM.attributes
                0x00000000000004bf       0x37 Drivers/STM32H7xx_HAL_Driver/Src/stm32h7xx_hal_tim_ex.o
 .ARM.attributes
                0x00000000000004f6       0x37 Drivers/STM32H7xx_HAL_Driver/Src/stm32h7xx_hal_uart.o
 .ARM.attributes
                0x000000000000052d       0x37 Drivers/STM32H7xx_HAL_Driver/Src/stm32h7xx_hal_uart_ex.o
 .ARM.attributes
                0x0000000000000564       0x32 c:/st/stm32cubeide_1.0.0/stm32cubeide/plugins/com.st.stm32cube.ide.mcu.externaltools.gnu-tools-for-stm32.7-2018-q2-update.win32_1.0.0.201904181610/tools/bin/../lib/gcc/arm-none-eabi/7.3.1/../../../../arm-none-eabi/lib/thumb/v7e-m/fpv5/hard\libc_nano.a(lib_a-init.o)
 .ARM.attributes
                0x0000000000000596       0x32 c:/st/stm32cubeide_1.0.0/stm32cubeide/plugins/com.st.stm32cube.ide.mcu.externaltools.gnu-tools-for-stm32.7-2018-q2-update.win32_1.0.0.201904181610/tools/bin/../lib/gcc/arm-none-eabi/7.3.1/../../../../arm-none-eabi/lib/thumb/v7e-m/fpv5/hard\libc_nano.a(lib_a-memcpy-stub.o)
 .ARM.attributes
                0x00000000000005c8       0x32 c:/st/stm32cubeide_1.0.0/stm32cubeide/plugins/com.st.stm32cube.ide.mcu.externaltools.gnu-tools-for-stm32.7-2018-q2-update.win32_1.0.0.201904181610/tools/bin/../lib/gcc/arm-none-eabi/7.3.1/../../../../arm-none-eabi/lib/thumb/v7e-m/fpv5/hard\libc_nano.a(lib_a-memset.o)
 .ARM.attributes
                0x00000000000005fa       0x20 c:/st/stm32cubeide_1.0.0/stm32cubeide/plugins/com.st.stm32cube.ide.mcu.externaltools.gnu-tools-for-stm32.7-2018-q2-update.win32_1.0.0.201904181610/tools/bin/../lib/gcc/arm-none-eabi/7.3.1/thumb/v7e-m/fpv5/hard\libgcc.a(_aeabi_uldivmod.o)
 .ARM.attributes
                0x000000000000061a       0x32 c:/st/stm32cubeide_1.0.0/stm32cubeide/plugins/com.st.stm32cube.ide.mcu.externaltools.gnu-tools-for-stm32.7-2018-q2-update.win32_1.0.0.201904181610/tools/bin/../lib/gcc/arm-none-eabi/7.3.1/thumb/v7e-m/fpv5/hard\libgcc.a(_udivmoddi4.o)
 .ARM.attributes
                0x000000000000064c       0x20 c:/st/stm32cubeide_1.0.0/stm32cubeide/plugins/com.st.stm32cube.ide.mcu.externaltools.gnu-tools-for-stm32.7-2018-q2-update.win32_1.0.0.201904181610/tools/bin/../lib/gcc/arm-none-eabi/7.3.1/thumb/v7e-m/fpv5/hard\libgcc.a(_dvmd_tls.o)
 .ARM.attributes
                0x000000000000066c       0x20 c:/st/stm32cubeide_1.0.0/stm32cubeide/plugins/com.st.stm32cube.ide.mcu.externaltools.gnu-tools-for-stm32.7-2018-q2-update.win32_1.0.0.201904181610/tools/bin/../lib/gcc/arm-none-eabi/7.3.1/thumb/v7e-m/fpv5/hard/crtn.o
OUTPUT(FOC_H7_1MB.elf elf32-littlearm)

.debug_info     0x0000000000000000    0x2ba19
 .debug_info    0x0000000000000000      0xc2b Core/Src/FOC.o
 .debug_info    0x0000000000000c2b      0xc0a Core/Src/PI_Loop.o
 .debug_info    0x0000000000001835     0x3812 Core/Src/main.o
 .debug_info    0x0000000000005047     0x3178 Core/Src/stm32h7xx_hal_msp.o
 .debug_info    0x00000000000081bf     0x1580 Core/Src/stm32h7xx_it.o
 .debug_info    0x000000000000973f     0x1322 Core/Src/system_stm32h7xx.o
 .debug_info    0x000000000000aa61       0x22 Core/Startup/startup_stm32h753vitx.o
 .debug_info    0x000000000000aa83     0x1de6 Drivers/STM32H7xx_HAL_Driver/Src/stm32h7xx_hal.o
 .debug_info    0x000000000000c869     0x256c Drivers/STM32H7xx_HAL_Driver/Src/stm32h7xx_hal_adc.o
 .debug_info    0x000000000000edd5     0x2684 Drivers/STM32H7xx_HAL_Driver/Src/stm32h7xx_hal_adc_ex.o
 .debug_info    0x0000000000011459     0x1a7a Drivers/STM32H7xx_HAL_Driver/Src/stm32h7xx_hal_cortex.o
 .debug_info    0x0000000000012ed3     0x14f6 Drivers/STM32H7xx_HAL_Driver/Src/stm32h7xx_hal_dma.o
 .debug_info    0x00000000000143c9     0x33f4 Drivers/STM32H7xx_HAL_Driver/Src/stm32h7xx_hal_fdcan.o
 .debug_info    0x00000000000177bd     0x1640 Drivers/STM32H7xx_HAL_Driver/Src/stm32h7xx_hal_gpio.o
 .debug_info    0x0000000000018dfd     0x2a0f Drivers/STM32H7xx_HAL_Driver/Src/stm32h7xx_hal_i2c.o
 .debug_info    0x000000000001b80c     0x1714 Drivers/STM32H7xx_HAL_Driver/Src/stm32h7xx_hal_i2c_ex.o
 .debug_info    0x000000000001cf20     0x1746 Drivers/STM32H7xx_HAL_Driver/Src/stm32h7xx_hal_pwr_ex.o
 .debug_info    0x000000000001e666     0x1760 Drivers/STM32H7xx_HAL_Driver/Src/stm32h7xx_hal_rcc.o
 .debug_info    0x000000000001fdc6     0x18cf Drivers/STM32H7xx_HAL_Driver/Src/stm32h7xx_hal_rcc_ex.o
 .debug_info    0x0000000000021695     0x1d31 Drivers/STM32H7xx_HAL_Driver/Src/stm32h7xx_hal_spi.o
 .debug_info    0x00000000000233c6     0x3050 Drivers/STM32H7xx_HAL_Driver/Src/stm32h7xx_hal_tim.o
 .debug_info    0x0000000000026416     0x1d08 Drivers/STM32H7xx_HAL_Driver/Src/stm32h7xx_hal_tim_ex.o
 .debug_info    0x000000000002811e     0x2478 Drivers/STM32H7xx_HAL_Driver/Src/stm32h7xx_hal_uart.o
 .debug_info    0x000000000002a596     0x1483 Drivers/STM32H7xx_HAL_Driver/Src/stm32h7xx_hal_uart_ex.o

.debug_abbrev   0x0000000000000000     0x3da5
 .debug_abbrev  0x0000000000000000      0x21f Core/Src/FOC.o
 .debug_abbrev  0x000000000000021f      0x218 Core/Src/PI_Loop.o
 .debug_abbrev  0x0000000000000437      0x310 Core/Src/main.o
 .debug_abbrev  0x0000000000000747      0x26f Core/Src/stm32h7xx_hal_msp.o
 .debug_abbrev  0x00000000000009b6      0x1ff Core/Src/stm32h7xx_it.o
 .debug_abbrev  0x0000000000000bb5      0x21f Core/Src/system_stm32h7xx.o
 .debug_abbrev  0x0000000000000dd4       0x12 Core/Startup/startup_stm32h753vitx.o
 .debug_abbrev  0x0000000000000de6      0x2db Drivers/STM32H7xx_HAL_Driver/Src/stm32h7xx_hal.o
 .debug_abbrev  0x00000000000010c1      0x2c8 Drivers/STM32H7xx_HAL_Driver/Src/stm32h7xx_hal_adc.o
 .debug_abbrev  0x0000000000001389      0x306 Drivers/STM32H7xx_HAL_Driver/Src/stm32h7xx_hal_adc_ex.o
 .debug_abbrev  0x000000000000168f      0x3b5 Drivers/STM32H7xx_HAL_Driver/Src/stm32h7xx_hal_cortex.o
 .debug_abbrev  0x0000000000001a44      0x289 Drivers/STM32H7xx_HAL_Driver/Src/stm32h7xx_hal_dma.o
 .debug_abbrev  0x0000000000001ccd      0x2f3 Drivers/STM32H7xx_HAL_Driver/Src/stm32h7xx_hal_fdcan.o
 .debug_abbrev  0x0000000000001fc0      0x28f Drivers/STM32H7xx_HAL_Driver/Src/stm32h7xx_hal_gpio.o
 .debug_abbrev  0x000000000000224f      0x2ac Drivers/STM32H7xx_HAL_Driver/Src/stm32h7xx_hal_i2c.o
 .debug_abbrev  0x00000000000024fb      0x266 Drivers/STM32H7xx_HAL_Driver/Src/stm32h7xx_hal_i2c_ex.o
 .debug_abbrev  0x0000000000002761      0x345 Drivers/STM32H7xx_HAL_Driver/Src/stm32h7xx_hal_pwr_ex.o
 .debug_abbrev  0x0000000000002aa6      0x2e2 Drivers/STM32H7xx_HAL_Driver/Src/stm32h7xx_hal_rcc.o
 .debug_abbrev  0x0000000000002d88      0x2c3 Drivers/STM32H7xx_HAL_Driver/Src/stm32h7xx_hal_rcc_ex.o
 .debug_abbrev  0x000000000000304b      0x2d5 Drivers/STM32H7xx_HAL_Driver/Src/stm32h7xx_hal_spi.o
 .debug_abbrev  0x0000000000003320      0x2bd Drivers/STM32H7xx_HAL_Driver/Src/stm32h7xx_hal_tim.o
 .debug_abbrev  0x00000000000035dd      0x2ab Drivers/STM32H7xx_HAL_Driver/Src/stm32h7xx_hal_tim_ex.o
 .debug_abbrev  0x0000000000003888      0x2ae Drivers/STM32H7xx_HAL_Driver/Src/stm32h7xx_hal_uart.o
 .debug_abbrev  0x0000000000003b36      0x26f Drivers/STM32H7xx_HAL_Driver/Src/stm32h7xx_hal_uart_ex.o

.debug_aranges  0x0000000000000000     0x1c90
 .debug_aranges
                0x0000000000000000       0x40 Core/Src/FOC.o
 .debug_aranges
                0x0000000000000040       0x28 Core/Src/PI_Loop.o
 .debug_aranges
                0x0000000000000068       0xa8 Core/Src/main.o
 .debug_aranges
                0x0000000000000110       0x88 Core/Src/stm32h7xx_hal_msp.o
 .debug_aranges
                0x0000000000000198       0x88 Core/Src/stm32h7xx_it.o
 .debug_aranges
                0x0000000000000220       0x28 Core/Src/system_stm32h7xx.o
 .debug_aranges
                0x0000000000000248       0x28 Core/Startup/startup_stm32h753vitx.o
 .debug_aranges
                0x0000000000000270      0x1b8 Drivers/STM32H7xx_HAL_Driver/Src/stm32h7xx_hal.o
 .debug_aranges
                0x0000000000000428      0x220 Drivers/STM32H7xx_HAL_Driver/Src/stm32h7xx_hal_adc.o
 .debug_aranges
                0x0000000000000648      0x1d8 Drivers/STM32H7xx_HAL_Driver/Src/stm32h7xx_hal_adc_ex.o
 .debug_aranges
                0x0000000000000820      0x120 Drivers/STM32H7xx_HAL_Driver/Src/stm32h7xx_hal_cortex.o
 .debug_aranges
                0x0000000000000940       0xa0 Drivers/STM32H7xx_HAL_Driver/Src/stm32h7xx_hal_dma.o
 .debug_aranges
                0x00000000000009e0      0x338 Drivers/STM32H7xx_HAL_Driver/Src/stm32h7xx_hal_fdcan.o
 .debug_aranges
                0x0000000000000d18       0x58 Drivers/STM32H7xx_HAL_Driver/Src/stm32h7xx_hal_gpio.o
 .debug_aranges
                0x0000000000000d70      0x288 Drivers/STM32H7xx_HAL_Driver/Src/stm32h7xx_hal_i2c.o
 .debug_aranges
                0x0000000000000ff8       0x48 Drivers/STM32H7xx_HAL_Driver/Src/stm32h7xx_hal_i2c_ex.o
 .debug_aranges
                0x0000000000001040      0x158 Drivers/STM32H7xx_HAL_Driver/Src/stm32h7xx_hal_pwr_ex.o
 .debug_aranges
                0x0000000000001198       0x88 Drivers/STM32H7xx_HAL_Driver/Src/stm32h7xx_hal_rcc.o
 .debug_aranges
                0x0000000000001220       0xe0 Drivers/STM32H7xx_HAL_Driver/Src/stm32h7xx_hal_rcc_ex.o
 .debug_aranges
                0x0000000000001300      0x1a0 Drivers/STM32H7xx_HAL_Driver/Src/stm32h7xx_hal_spi.o
 .debug_aranges
                0x00000000000014a0      0x3c8 Drivers/STM32H7xx_HAL_Driver/Src/stm32h7xx_hal_tim.o
 .debug_aranges
                0x0000000000001868      0x170 Drivers/STM32H7xx_HAL_Driver/Src/stm32h7xx_hal_tim_ex.o
 .debug_aranges
                0x00000000000019d8      0x230 Drivers/STM32H7xx_HAL_Driver/Src/stm32h7xx_hal_uart.o
 .debug_aranges
                0x0000000000001c08       0x88 Drivers/STM32H7xx_HAL_Driver/Src/stm32h7xx_hal_uart_ex.o

.debug_ranges   0x0000000000000000     0x1b18
 .debug_ranges  0x0000000000000000       0x30 Core/Src/FOC.o
 .debug_ranges  0x0000000000000030       0x18 Core/Src/PI_Loop.o
 .debug_ranges  0x0000000000000048       0x98 Core/Src/main.o
 .debug_ranges  0x00000000000000e0       0x78 Core/Src/stm32h7xx_hal_msp.o
 .debug_ranges  0x0000000000000158       0x78 Core/Src/stm32h7xx_it.o
 .debug_ranges  0x00000000000001d0       0x18 Core/Src/system_stm32h7xx.o
 .debug_ranges  0x00000000000001e8       0x20 Core/Startup/startup_stm32h753vitx.o
 .debug_ranges  0x0000000000000208      0x1a8 Drivers/STM32H7xx_HAL_Driver/Src/stm32h7xx_hal.o
 .debug_ranges  0x00000000000003b0      0x210 Drivers/STM32H7xx_HAL_Driver/Src/stm32h7xx_hal_adc.o
 .debug_ranges  0x00000000000005c0      0x1c8 Drivers/STM32H7xx_HAL_Driver/Src/stm32h7xx_hal_adc_ex.o
 .debug_ranges  0x0000000000000788      0x110 Drivers/STM32H7xx_HAL_Driver/Src/stm32h7xx_hal_cortex.o
 .debug_ranges  0x0000000000000898       0x90 Drivers/STM32H7xx_HAL_Driver/Src/stm32h7xx_hal_dma.o
 .debug_ranges  0x0000000000000928      0x328 Drivers/STM32H7xx_HAL_Driver/Src/stm32h7xx_hal_fdcan.o
 .debug_ranges  0x0000000000000c50       0x48 Drivers/STM32H7xx_HAL_Driver/Src/stm32h7xx_hal_gpio.o
 .debug_ranges  0x0000000000000c98      0x278 Drivers/STM32H7xx_HAL_Driver/Src/stm32h7xx_hal_i2c.o
 .debug_ranges  0x0000000000000f10       0x38 Drivers/STM32H7xx_HAL_Driver/Src/stm32h7xx_hal_i2c_ex.o
 .debug_ranges  0x0000000000000f48      0x148 Drivers/STM32H7xx_HAL_Driver/Src/stm32h7xx_hal_pwr_ex.o
 .debug_ranges  0x0000000000001090       0x78 Drivers/STM32H7xx_HAL_Driver/Src/stm32h7xx_hal_rcc.o
 .debug_ranges  0x0000000000001108       0xd0 Drivers/STM32H7xx_HAL_Driver/Src/stm32h7xx_hal_rcc_ex.o
 .debug_ranges  0x00000000000011d8      0x190 Drivers/STM32H7xx_HAL_Driver/Src/stm32h7xx_hal_spi.o
 .debug_ranges  0x0000000000001368      0x3b8 Drivers/STM32H7xx_HAL_Driver/Src/stm32h7xx_hal_tim.o
 .debug_ranges  0x0000000000001720      0x160 Drivers/STM32H7xx_HAL_Driver/Src/stm32h7xx_hal_tim_ex.o
 .debug_ranges  0x0000000000001880      0x220 Drivers/STM32H7xx_HAL_Driver/Src/stm32h7xx_hal_uart.o
 .debug_ranges  0x0000000000001aa0       0x78 Drivers/STM32H7xx_HAL_Driver/Src/stm32h7xx_hal_uart_ex.o

.debug_macro    0x0000000000000000    0x3ad58
 .debug_macro   0x0000000000000000      0x2eb Core/Src/FOC.o
 .debug_macro   0x00000000000002eb      0xa66 Core/Src/FOC.o
 .debug_macro   0x0000000000000d51      0x1e7 Core/Src/FOC.o
 .debug_macro   0x0000000000000f38       0x2e Core/Src/FOC.o
 .debug_macro   0x0000000000000f66       0x3b Core/Src/FOC.o
 .debug_macro   0x0000000000000fa1       0x22 Core/Src/FOC.o
 .debug_macro   0x0000000000000fc3       0x8e Core/Src/FOC.o
 .debug_macro   0x0000000000001051       0x51 Core/Src/FOC.o
 .debug_macro   0x00000000000010a2       0xef Core/Src/FOC.o
 .debug_macro   0x0000000000001191       0x6a Core/Src/FOC.o
 .debug_macro   0x00000000000011fb      0x1df Core/Src/FOC.o
 .debug_macro   0x00000000000013da       0x1c Core/Src/FOC.o
 .debug_macro   0x00000000000013f6       0x22 Core/Src/FOC.o
 .debug_macro   0x0000000000001418       0xdf Core/Src/FOC.o
 .debug_macro   0x00000000000014f7     0x12cd Core/Src/FOC.o
 .debug_macro   0x00000000000027c4      0x11f Core/Src/FOC.o
 .debug_macro   0x00000000000028e3       0x19 Core/Src/FOC.o
 .debug_macro   0x00000000000028fc    0x2566f Core/Src/FOC.o
 .debug_macro   0x0000000000027f6b       0x43 Core/Src/FOC.o
 .debug_macro   0x0000000000027fae     0x3bd7 Core/Src/FOC.o
 .debug_macro   0x000000000002bb85      0x174 Core/Src/FOC.o
 .debug_macro   0x000000000002bcf9       0x46 Core/Src/FOC.o
 .debug_macro   0x000000000002bd3f       0x17 Core/Src/FOC.o
 .debug_macro   0x000000000002bd56       0x3c Core/Src/FOC.o
 .debug_macro   0x000000000002bd92       0x34 Core/Src/FOC.o
 .debug_macro   0x000000000002bdc6       0x52 Core/Src/FOC.o
 .debug_macro   0x000000000002be18       0x1f Core/Src/FOC.o
 .debug_macro   0x000000000002be37       0x43 Core/Src/FOC.o
 .debug_macro   0x000000000002be7a       0x20 Core/Src/FOC.o
 .debug_macro   0x000000000002be9a      0x1a3 Core/Src/FOC.o
 .debug_macro   0x000000000002c03d      0x32a Core/Src/FOC.o
 .debug_macro   0x000000000002c367      0x1e1 Core/Src/FOC.o
 .debug_macro   0x000000000002c548       0x54 Core/Src/FOC.o
 .debug_macro   0x000000000002c59c     0x23dd Core/Src/FOC.o
 .debug_macro   0x000000000002e979      0xf3e Core/Src/FOC.o
 .debug_macro   0x000000000002f8b7      0x146 Core/Src/FOC.o
 .debug_macro   0x000000000002f9fd      0x117 Core/Src/FOC.o
 .debug_macro   0x000000000002fb14      0x362 Core/Src/FOC.o
 .debug_macro   0x000000000002fe76       0x27 Core/Src/FOC.o
 .debug_macro   0x000000000002fe9d      0x72d Core/Src/FOC.o
 .debug_macro   0x00000000000305ca      0x229 Core/Src/FOC.o
 .debug_macro   0x00000000000307f3       0x66 Core/Src/FOC.o
 .debug_macro   0x0000000000030859      0x39f Core/Src/FOC.o
 .debug_macro   0x0000000000030bf8      0x3e5 Core/Src/FOC.o
 .debug_macro   0x0000000000030fdd      0x275 Core/Src/FOC.o
 .debug_macro   0x0000000000031252     0x101a Core/Src/FOC.o
 .debug_macro   0x000000000003226c      0x6b7 Core/Src/FOC.o
 .debug_macro   0x0000000000032923      0x36e Core/Src/FOC.o
 .debug_macro   0x0000000000032c91      0xe34 Core/Src/FOC.o
 .debug_macro   0x0000000000033ac5      0x3c6 Core/Src/FOC.o
 .debug_macro   0x0000000000033e8b      0x40f Core/Src/FOC.o
 .debug_macro   0x000000000003429a       0x51 Core/Src/FOC.o
 .debug_macro   0x00000000000342eb       0x4a Core/Src/FOC.o
 .debug_macro   0x0000000000034335      0x22c Core/Src/FOC.o
 .debug_macro   0x0000000000034561       0x58 Core/Src/FOC.o
 .debug_macro   0x00000000000345b9       0xa5 Core/Src/FOC.o
 .debug_macro   0x000000000003465e      0x165 Core/Src/FOC.o
 .debug_macro   0x00000000000347c3      0x246 Core/Src/FOC.o
 .debug_macro   0x0000000000034a09       0x35 Core/Src/FOC.o
 .debug_macro   0x0000000000034a3e      0x5dd Core/Src/FOC.o
 .debug_macro   0x000000000003501b       0x9e Core/Src/FOC.o
 .debug_macro   0x00000000000350b9      0xa4b Core/Src/FOC.o
 .debug_macro   0x0000000000035b04      0x216 Core/Src/FOC.o
 .debug_macro   0x0000000000035d1a      0x662 Core/Src/FOC.o
 .debug_macro   0x000000000003637c       0xa6 Core/Src/FOC.o
 .debug_macro   0x0000000000036422      0x57c Core/Src/FOC.o
 .debug_macro   0x000000000003699e      0x30f Core/Src/PI_Loop.o
 .debug_macro   0x0000000000036cad      0x351 Core/Src/main.o
 .debug_macro   0x0000000000036ffe       0x16 Core/Src/main.o
 .debug_macro   0x0000000000037014       0x35 Core/Src/main.o
 .debug_macro   0x0000000000037049       0x16 Core/Src/main.o
 .debug_macro   0x000000000003705f       0x29 Core/Src/main.o
 .debug_macro   0x0000000000037088      0x2eb Core/Src/stm32h7xx_hal_msp.o
 .debug_macro   0x0000000000037373      0x2f5 Core/Src/stm32h7xx_it.o
 .debug_macro   0x0000000000037668      0x2e7 Core/Src/system_stm32h7xx.o
 .debug_macro   0x000000000003794f      0x30b Drivers/STM32H7xx_HAL_Driver/Src/stm32h7xx_hal.o
 .debug_macro   0x0000000000037c5a      0x305 Drivers/STM32H7xx_HAL_Driver/Src/stm32h7xx_hal_adc.o
 .debug_macro   0x0000000000037f5f      0x2ed Drivers/STM32H7xx_HAL_Driver/Src/stm32h7xx_hal_adc_ex.o
 .debug_macro   0x000000000003824c      0x2e1 Drivers/STM32H7xx_HAL_Driver/Src/stm32h7xx_hal_cortex.o
 .debug_macro   0x000000000003852d      0x32e Drivers/STM32H7xx_HAL_Driver/Src/stm32h7xx_hal_dma.o
 .debug_macro   0x000000000003885b      0x39f Drivers/STM32H7xx_HAL_Driver/Src/stm32h7xx_hal_fdcan.o
 .debug_macro   0x0000000000038bfa      0x31d Drivers/STM32H7xx_HAL_Driver/Src/stm32h7xx_hal_gpio.o
 .debug_macro   0x0000000000038f17      0x3a6 Drivers/STM32H7xx_HAL_Driver/Src/stm32h7xx_hal_i2c.o
 .debug_macro   0x00000000000392bd      0x2e1 Drivers/STM32H7xx_HAL_Driver/Src/stm32h7xx_hal_i2c_ex.o
 .debug_macro   0x000000000003959e      0x311 Drivers/STM32H7xx_HAL_Driver/Src/stm32h7xx_hal_pwr_ex.o
 .debug_macro   0x00000000000398af      0x305 Drivers/STM32H7xx_HAL_Driver/Src/stm32h7xx_hal_rcc.o
 .debug_macro   0x0000000000039bb4      0x2ff Drivers/STM32H7xx_HAL_Driver/Src/stm32h7xx_hal_rcc_ex.o
 .debug_macro   0x0000000000039eb3      0x2e9 Drivers/STM32H7xx_HAL_Driver/Src/stm32h7xx_hal_spi.o
 .debug_macro   0x000000000003a19c      0x2e2 Drivers/STM32H7xx_HAL_Driver/Src/stm32h7xx_hal_tim.o
 .debug_macro   0x000000000003a47e      0x2e1 Drivers/STM32H7xx_HAL_Driver/Src/stm32h7xx_hal_tim_ex.o
 .debug_macro   0x000000000003a75f      0x30c Drivers/STM32H7xx_HAL_Driver/Src/stm32h7xx_hal_uart.o
 .debug_macro   0x000000000003aa6b      0x2ed Drivers/STM32H7xx_HAL_Driver/Src/stm32h7xx_hal_uart_ex.o

.debug_line     0x0000000000000000    0x18084
 .debug_line    0x0000000000000000      0x91b Core/Src/FOC.o
 .debug_line    0x000000000000091b      0x901 Core/Src/PI_Loop.o
 .debug_line    0x000000000000121c      0xc3b Core/Src/main.o
 .debug_line    0x0000000000001e57      0xa97 Core/Src/stm32h7xx_hal_msp.o
 .debug_line    0x00000000000028ee      0x9d9 Core/Src/stm32h7xx_it.o
 .debug_line    0x00000000000032c7      0x919 Core/Src/system_stm32h7xx.o
 .debug_line    0x0000000000003be0       0x85 Core/Startup/startup_stm32h753vitx.o
 .debug_line    0x0000000000003c65      0xcd6 Drivers/STM32H7xx_HAL_Driver/Src/stm32h7xx_hal.o
 .debug_line    0x000000000000493b     0x18a2 Drivers/STM32H7xx_HAL_Driver/Src/stm32h7xx_hal_adc.o
 .debug_line    0x00000000000061dd     0x1647 Drivers/STM32H7xx_HAL_Driver/Src/stm32h7xx_hal_adc_ex.o
 .debug_line    0x0000000000007824      0xc15 Drivers/STM32H7xx_HAL_Driver/Src/stm32h7xx_hal_cortex.o
 .debug_line    0x0000000000008439     0x193f Drivers/STM32H7xx_HAL_Driver/Src/stm32h7xx_hal_dma.o
 .debug_line    0x0000000000009d78     0x15d3 Drivers/STM32H7xx_HAL_Driver/Src/stm32h7xx_hal_fdcan.o
 .debug_line    0x000000000000b34b      0xad0 Drivers/STM32H7xx_HAL_Driver/Src/stm32h7xx_hal_gpio.o
 .debug_line    0x000000000000be1b     0x1ee4 Drivers/STM32H7xx_HAL_Driver/Src/stm32h7xx_hal_i2c.o
 .debug_line    0x000000000000dcff      0xa1d Drivers/STM32H7xx_HAL_Driver/Src/stm32h7xx_hal_i2c_ex.o
 .debug_line    0x000000000000e71c      0xc90 Drivers/STM32H7xx_HAL_Driver/Src/stm32h7xx_hal_pwr_ex.o
 .debug_line    0x000000000000f3ac      0xc4a Drivers/STM32H7xx_HAL_Driver/Src/stm32h7xx_hal_rcc.o
 .debug_line    0x000000000000fff6      0xea8 Drivers/STM32H7xx_HAL_Driver/Src/stm32h7xx_hal_rcc_ex.o
 .debug_line    0x0000000000010e9e     0x1334 Drivers/STM32H7xx_HAL_Driver/Src/stm32h7xx_hal_spi.o
 .debug_line    0x00000000000121d2     0x1d9c Drivers/STM32H7xx_HAL_Driver/Src/stm32h7xx_hal_tim.o
 .debug_line    0x0000000000013f6e      0xfe6 Drivers/STM32H7xx_HAL_Driver/Src/stm32h7xx_hal_tim_ex.o
 .debug_line    0x0000000000014f54     0x25e8 Drivers/STM32H7xx_HAL_Driver/Src/stm32h7xx_hal_uart.o
 .debug_line    0x000000000001753c      0xb48 Drivers/STM32H7xx_HAL_Driver/Src/stm32h7xx_hal_uart_ex.o

.debug_str      0x0000000000000000   0x181678
 .debug_str     0x0000000000000000   0x17674a Core/Src/FOC.o
                                     0x176e9a (size before relaxing)
 .debug_str     0x000000000017674a      0x137 Core/Src/PI_Loop.o
                                     0x176f57 (size before relaxing)
 .debug_str     0x0000000000176881     0x1f2e Core/Src/main.o
                                     0x179012 (size before relaxing)
 .debug_str     0x00000000001787af      0x91d Core/Src/stm32h7xx_hal_msp.o
                                     0x178d57 (size before relaxing)
 .debug_str     0x00000000001790cc      0x10d Core/Src/stm32h7xx_it.o
                                     0x177764 (size before relaxing)
 .debug_str     0x00000000001791d9      0x1dd Core/Src/system_stm32h7xx.o
                                     0x17722c (size before relaxing)
 .debug_str     0x00000000001793b6       0x36 Core/Startup/startup_stm32h753vitx.o
                                         0x7b (size before relaxing)
 .debug_str     0x00000000001793ec      0x7c6 Drivers/STM32H7xx_HAL_Driver/Src/stm32h7xx_hal.o
                                     0x1781fc (size before relaxing)
 .debug_str     0x0000000000179bb2      0xa29 Drivers/STM32H7xx_HAL_Driver/Src/stm32h7xx_hal_adc.o
                                     0x177f90 (size before relaxing)
 .debug_str     0x000000000017a5db      0x883 Drivers/STM32H7xx_HAL_Driver/Src/stm32h7xx_hal_adc_ex.o
                                     0x178093 (size before relaxing)
 .debug_str     0x000000000017ae5e      0x3a1 Drivers/STM32H7xx_HAL_Driver/Src/stm32h7xx_hal_cortex.o
                                     0x177ca8 (size before relaxing)
 .debug_str     0x000000000017b1ff      0x6fd Drivers/STM32H7xx_HAL_Driver/Src/stm32h7xx_hal_dma.o
                                     0x17787c (size before relaxing)
 .debug_str     0x000000000017b8fc     0x1b75 Drivers/STM32H7xx_HAL_Driver/Src/stm32h7xx_hal_fdcan.o
                                     0x178fee (size before relaxing)
 .debug_str     0x000000000017d471      0x1f6 Drivers/STM32H7xx_HAL_Driver/Src/stm32h7xx_hal_gpio.o
                                     0x177431 (size before relaxing)
 .debug_str     0x000000000017d667      0xcfb Drivers/STM32H7xx_HAL_Driver/Src/stm32h7xx_hal_i2c.o
                                     0x178278 (size before relaxing)
 .debug_str     0x000000000017e362       0xb8 Drivers/STM32H7xx_HAL_Driver/Src/stm32h7xx_hal_i2c_ex.o
                                     0x17776c (size before relaxing)
 .debug_str     0x000000000017e41a      0x66e Drivers/STM32H7xx_HAL_Driver/Src/stm32h7xx_hal_pwr_ex.o
                                     0x1777cf (size before relaxing)
 .debug_str     0x000000000017ea88      0x36e Drivers/STM32H7xx_HAL_Driver/Src/stm32h7xx_hal_rcc.o
                                     0x17768e (size before relaxing)
 .debug_str     0x000000000017edf6      0x603 Drivers/STM32H7xx_HAL_Driver/Src/stm32h7xx_hal_rcc_ex.o
                                     0x177a65 (size before relaxing)
 .debug_str     0x000000000017f3f9      0x4ce Drivers/STM32H7xx_HAL_Driver/Src/stm32h7xx_hal_spi.o
                                     0x177961 (size before relaxing)
 .debug_str     0x000000000017f8c7      0xd0a Drivers/STM32H7xx_HAL_Driver/Src/stm32h7xx_hal_tim.o
                                     0x178234 (size before relaxing)
 .debug_str     0x00000000001805d1      0x4f3 Drivers/STM32H7xx_HAL_Driver/Src/stm32h7xx_hal_tim_ex.o
                                     0x177b24 (size before relaxing)
 .debug_str     0x0000000000180ac4      0x92e Drivers/STM32H7xx_HAL_Driver/Src/stm32h7xx_hal_uart.o
                                     0x177fe8 (size before relaxing)
 .debug_str     0x00000000001813f2      0x286 Drivers/STM32H7xx_HAL_Driver/Src/stm32h7xx_hal_uart_ex.o
                                     0x177630 (size before relaxing)

.comment        0x0000000000000000       0x7b
 .comment       0x0000000000000000       0x7b Core/Src/FOC.o
                                         0x7c (size before relaxing)
 .comment       0x000000000000007b       0x7c Core/Src/PI_Loop.o
 .comment       0x000000000000007b       0x7c Core/Src/main.o
 .comment       0x000000000000007b       0x7c Core/Src/stm32h7xx_hal_msp.o
 .comment       0x000000000000007b       0x7c Core/Src/stm32h7xx_it.o
 .comment       0x000000000000007b       0x7c Core/Src/system_stm32h7xx.o
 .comment       0x000000000000007b       0x7c Drivers/STM32H7xx_HAL_Driver/Src/stm32h7xx_hal.o
 .comment       0x000000000000007b       0x7c Drivers/STM32H7xx_HAL_Driver/Src/stm32h7xx_hal_adc.o
 .comment       0x000000000000007b       0x7c Drivers/STM32H7xx_HAL_Driver/Src/stm32h7xx_hal_adc_ex.o
 .comment       0x000000000000007b       0x7c Drivers/STM32H7xx_HAL_Driver/Src/stm32h7xx_hal_cortex.o
 .comment       0x000000000000007b       0x7c Drivers/STM32H7xx_HAL_Driver/Src/stm32h7xx_hal_dma.o
 .comment       0x000000000000007b       0x7c Drivers/STM32H7xx_HAL_Driver/Src/stm32h7xx_hal_fdcan.o
 .comment       0x000000000000007b       0x7c Drivers/STM32H7xx_HAL_Driver/Src/stm32h7xx_hal_gpio.o
 .comment       0x000000000000007b       0x7c Drivers/STM32H7xx_HAL_Driver/Src/stm32h7xx_hal_i2c.o
 .comment       0x000000000000007b       0x7c Drivers/STM32H7xx_HAL_Driver/Src/stm32h7xx_hal_i2c_ex.o
 .comment       0x000000000000007b       0x7c Drivers/STM32H7xx_HAL_Driver/Src/stm32h7xx_hal_pwr_ex.o
 .comment       0x000000000000007b       0x7c Drivers/STM32H7xx_HAL_Driver/Src/stm32h7xx_hal_rcc.o
 .comment       0x000000000000007b       0x7c Drivers/STM32H7xx_HAL_Driver/Src/stm32h7xx_hal_rcc_ex.o
 .comment       0x000000000000007b       0x7c Drivers/STM32H7xx_HAL_Driver/Src/stm32h7xx_hal_spi.o
 .comment       0x000000000000007b       0x7c Drivers/STM32H7xx_HAL_Driver/Src/stm32h7xx_hal_tim.o
 .comment       0x000000000000007b       0x7c Drivers/STM32H7xx_HAL_Driver/Src/stm32h7xx_hal_tim_ex.o
 .comment       0x000000000000007b       0x7c Drivers/STM32H7xx_HAL_Driver/Src/stm32h7xx_hal_uart.o
 .comment       0x000000000000007b       0x7c Drivers/STM32H7xx_HAL_Driver/Src/stm32h7xx_hal_uart_ex.o

.debug_frame    0x0000000000000000     0x7dd8
 .debug_frame   0x0000000000000000       0xf0 Core/Src/FOC.o
 .debug_frame   0x00000000000000f0       0x5c Core/Src/PI_Loop.o
 .debug_frame   0x000000000000014c      0x270 Core/Src/main.o
 .debug_frame   0x00000000000003bc      0x20c Core/Src/stm32h7xx_hal_msp.o
 .debug_frame   0x00000000000005c8      0x198 Core/Src/stm32h7xx_it.o
 .debug_frame   0x0000000000000760       0x58 Core/Src/system_stm32h7xx.o
 .debug_frame   0x00000000000007b8      0x708 Drivers/STM32H7xx_HAL_Driver/Src/stm32h7xx_hal.o
 .debug_frame   0x0000000000000ec0      0xa00 Drivers/STM32H7xx_HAL_Driver/Src/stm32h7xx_hal_adc.o
 .debug_frame   0x00000000000018c0      0x88c Drivers/STM32H7xx_HAL_Driver/Src/stm32h7xx_hal_adc_ex.o
 .debug_frame   0x000000000000214c      0x4b8 Drivers/STM32H7xx_HAL_Driver/Src/stm32h7xx_hal_cortex.o
 .debug_frame   0x0000000000002604      0x2b4 Drivers/STM32H7xx_HAL_Driver/Src/stm32h7xx_hal_dma.o
 .debug_frame   0x00000000000028b8      0xf9c Drivers/STM32H7xx_HAL_Driver/Src/stm32h7xx_hal_fdcan.o
 .debug_frame   0x0000000000003854      0x14c Drivers/STM32H7xx_HAL_Driver/Src/stm32h7xx_hal_gpio.o
 .debug_frame   0x00000000000039a0      0xbcc Drivers/STM32H7xx_HAL_Driver/Src/stm32h7xx_hal_i2c.o
 .debug_frame   0x000000000000456c      0x100 Drivers/STM32H7xx_HAL_Driver/Src/stm32h7xx_hal_i2c_ex.o
 .debug_frame   0x000000000000466c      0x580 Drivers/STM32H7xx_HAL_Driver/Src/stm32h7xx_hal_pwr_ex.o
 .debug_frame   0x0000000000004bec      0x1ec Drivers/STM32H7xx_HAL_Driver/Src/stm32h7xx_hal_rcc.o
 .debug_frame   0x0000000000004dd8      0x390 Drivers/STM32H7xx_HAL_Driver/Src/stm32h7xx_hal_rcc_ex.o
 .debug_frame   0x0000000000005168      0x778 Drivers/STM32H7xx_HAL_Driver/Src/stm32h7xx_hal_spi.o
 .debug_frame   0x00000000000058e0     0x118c Drivers/STM32H7xx_HAL_Driver/Src/stm32h7xx_hal_tim.o
 .debug_frame   0x0000000000006a6c      0x660 Drivers/STM32H7xx_HAL_Driver/Src/stm32h7xx_hal_tim_ex.o
 .debug_frame   0x00000000000070cc      0xa0c Drivers/STM32H7xx_HAL_Driver/Src/stm32h7xx_hal_uart.o
 .debug_frame   0x0000000000007ad8      0x22c Drivers/STM32H7xx_HAL_Driver/Src/stm32h7xx_hal_uart_ex.o
 .debug_frame   0x0000000000007d04       0x2c c:/st/stm32cubeide_1.0.0/stm32cubeide/plugins/com.st.stm32cube.ide.mcu.externaltools.gnu-tools-for-stm32.7-2018-q2-update.win32_1.0.0.201904181610/tools/bin/../lib/gcc/arm-none-eabi/7.3.1/../../../../arm-none-eabi/lib/thumb/v7e-m/fpv5/hard\libc_nano.a(lib_a-init.o)
 .debug_frame   0x0000000000007d30       0x28 c:/st/stm32cubeide_1.0.0/stm32cubeide/plugins/com.st.stm32cube.ide.mcu.externaltools.gnu-tools-for-stm32.7-2018-q2-update.win32_1.0.0.201904181610/tools/bin/../lib/gcc/arm-none-eabi/7.3.1/../../../../arm-none-eabi/lib/thumb/v7e-m/fpv5/hard\libc_nano.a(lib_a-memcpy-stub.o)
 .debug_frame   0x0000000000007d58       0x20 c:/st/stm32cubeide_1.0.0/stm32cubeide/plugins/com.st.stm32cube.ide.mcu.externaltools.gnu-tools-for-stm32.7-2018-q2-update.win32_1.0.0.201904181610/tools/bin/../lib/gcc/arm-none-eabi/7.3.1/../../../../arm-none-eabi/lib/thumb/v7e-m/fpv5/hard\libc_nano.a(lib_a-memset.o)
 .debug_frame   0x0000000000007d78       0x2c c:/st/stm32cubeide_1.0.0/stm32cubeide/plugins/com.st.stm32cube.ide.mcu.externaltools.gnu-tools-for-stm32.7-2018-q2-update.win32_1.0.0.201904181610/tools/bin/../lib/gcc/arm-none-eabi/7.3.1/thumb/v7e-m/fpv5/hard\libgcc.a(_aeabi_uldivmod.o)
 .debug_frame   0x0000000000007da4       0x34 c:/st/stm32cubeide_1.0.0/stm32cubeide/plugins/com.st.stm32cube.ide.mcu.externaltools.gnu-tools-for-stm32.7-2018-q2-update.win32_1.0.0.201904181610/tools/bin/../lib/gcc/arm-none-eabi/7.3.1/thumb/v7e-m/fpv5/hard\libgcc.a(_udivmoddi4.o)
